<?xml version="1.0" encoding="ISO-8859-1" ?>
<link_info>
   <banner>TI ARM Linker PC v20.2.7.LTS</banner>
   <copyright>Copyright (c) 1996-2018 Texas Instruments Incorporated</copyright>
   <link_time>0x64b10504</link_time>
   <link_errors>0x0</link_errors>
   <output_file>empty_MSP_EXP432P401R_nortos_ccs.out</output_file>
   <entry_point>
      <name>_c_int00_noargs</name>
      <address>0x20c9</address>
   </entry_point>
   <input_file_list>
      <input_file id="fl-2">
         <path>.\</path>
         <kind>object</kind>
         <file>RL.obj</file>
         <name>RL.obj</name>
      </input_file>
      <input_file id="fl-3">
         <path>.\</path>
         <kind>object</kind>
         <file>Tim32.obj</file>
         <name>Tim32.obj</name>
      </input_file>
      <input_file id="fl-4">
         <path>.\</path>
         <kind>object</kind>
         <file>csb.obj</file>
         <name>csb.obj</name>
      </input_file>
      <input_file id="fl-5">
         <path>.\</path>
         <kind>object</kind>
         <file>delay.obj</file>
         <name>delay.obj</name>
      </input_file>
      <input_file id="fl-6">
         <path>.\</path>
         <kind>object</kind>
         <file>fmq.obj</file>
         <name>fmq.obj</name>
      </input_file>
      <input_file id="fl-7">
         <path>.\</path>
         <kind>object</kind>
         <file>follow_f.obj</file>
         <name>follow_f.obj</name>
      </input_file>
      <input_file id="fl-8">
         <path>.\</path>
         <kind>object</kind>
         <file>led.obj</file>
         <name>led.obj</name>
      </input_file>
      <input_file id="fl-9">
         <path>.\</path>
         <kind>object</kind>
         <file>main.obj</file>
         <name>main.obj</name>
      </input_file>
      <input_file id="fl-a">
         <path>.\</path>
         <kind>object</kind>
         <file>motor.obj</file>
         <name>motor.obj</name>
      </input_file>
      <input_file id="fl-b">
         <path>.\</path>
         <kind>object</kind>
         <file>oled.obj</file>
         <name>oled.obj</name>
      </input_file>
      <input_file id="fl-c">
         <path>.\</path>
         <kind>object</kind>
         <file>pid.obj</file>
         <name>pid.obj</name>
      </input_file>
      <input_file id="fl-d">
         <path>.\</path>
         <kind>object</kind>
         <file>sysinti.obj</file>
         <name>sysinti.obj</name>
      </input_file>
      <input_file id="fl-e">
         <path>.\</path>
         <kind>object</kind>
         <file>system_msp432p401r.obj</file>
         <name>system_msp432p401r.obj</name>
      </input_file>
      <input_file id="fl-f">
         <path>.\</path>
         <kind>object</kind>
         <file>timA.obj</file>
         <name>timA.obj</name>
      </input_file>
      <input_file id="fl-10">
         <path>.\</path>
         <kind>object</kind>
         <file>uart_to_pc.obj</file>
         <name>uart_to_pc.obj</name>
      </input_file>
      <input_file id="fl-11">
         <path>.\</path>
         <kind>object</kind>
         <file>vofa.obj</file>
         <name>vofa.obj</name>
      </input_file>
      <input_file id="fl-12">
         <path>.\ccs\</path>
         <kind>object</kind>
         <file>startup_msp432p401r_ccs.obj</file>
         <name>startup_msp432p401r_ccs.obj</name>
      </input_file>
      <input_file id="fl-1c">
         <kind>object</kind>
         <file>&lt;internal&gt;</file>
         <name>&lt;internal&gt;</name>
      </input_file>
      <input_file id="fl-1d">
         <path>C:\ti\simplelink_msp432p4_sdk_3_40_01_02\source\ti\devices\msp432p4xx\driverlib\ccs\</path>
         <kind>archive</kind>
         <file>msp432p4xx_driverlib.lib</file>
         <name>cs.o</name>
      </input_file>
      <input_file id="fl-1e">
         <path>C:\ti\simplelink_msp432p4_sdk_3_40_01_02\source\ti\devices\msp432p4xx\driverlib\ccs\</path>
         <kind>archive</kind>
         <file>msp432p4xx_driverlib.lib</file>
         <name>gpio.o</name>
      </input_file>
      <input_file id="fl-1f">
         <path>C:\ti\simplelink_msp432p4_sdk_3_40_01_02\source\ti\devices\msp432p4xx\driverlib\ccs\</path>
         <kind>archive</kind>
         <file>msp432p4xx_driverlib.lib</file>
         <name>interrupt.o</name>
      </input_file>
      <input_file id="fl-20">
         <path>C:\ti\simplelink_msp432p4_sdk_3_40_01_02\source\ti\devices\msp432p4xx\driverlib\ccs\</path>
         <kind>archive</kind>
         <file>msp432p4xx_driverlib.lib</file>
         <name>sysctl_a.o</name>
      </input_file>
      <input_file id="fl-21">
         <path>C:\ti\simplelink_msp432p4_sdk_3_40_01_02\source\ti\devices\msp432p4xx\driverlib\ccs\</path>
         <kind>archive</kind>
         <file>msp432p4xx_driverlib.lib</file>
         <name>timer_a.o</name>
      </input_file>
      <input_file id="fl-22">
         <path>C:\ti\simplelink_msp432p4_sdk_3_40_01_02\source\ti\devices\msp432p4xx\driverlib\ccs\</path>
         <kind>archive</kind>
         <file>msp432p4xx_driverlib.lib</file>
         <name>uart.o</name>
      </input_file>
      <input_file id="fl-23">
         <path>C:\ti\simplelink_msp432p4_sdk_3_40_01_02\source\ti\devices\msp432p4xx\driverlib\ccs\</path>
         <kind>archive</kind>
         <file>msp432p4xx_driverlib.lib</file>
         <name>cpu.o</name>
      </input_file>
      <input_file id="fl-d9">
         <path>C:\ti\ccs1230\ccs\tools\compiler\ti-cgt-arm_20.2.7.LTS\lib\</path>
         <kind>archive</kind>
         <file>rtsv7M4_T_le_v4SPD16_eabi.lib</file>
         <name>fd_add_t2.asm.obj</name>
      </input_file>
      <input_file id="fl-da">
         <path>C:\ti\ccs1230\ccs\tools\compiler\ti-cgt-arm_20.2.7.LTS\lib\</path>
         <kind>archive</kind>
         <file>rtsv7M4_T_le_v4SPD16_eabi.lib</file>
         <name>fd_div_t2.asm.obj</name>
      </input_file>
      <input_file id="fl-db">
         <path>C:\ti\ccs1230\ccs\tools\compiler\ti-cgt-arm_20.2.7.LTS\lib\</path>
         <kind>archive</kind>
         <file>rtsv7M4_T_le_v4SPD16_eabi.lib</file>
         <name>fd_mul_t2.asm.obj</name>
      </input_file>
      <input_file id="fl-dc">
         <path>C:\ti\ccs1230\ccs\tools\compiler\ti-cgt-arm_20.2.7.LTS\lib\</path>
         <kind>archive</kind>
         <file>rtsv7M4_T_le_v4SPD16_eabi.lib</file>
         <name>fd_tos_t2.asm.obj</name>
      </input_file>
      <input_file id="fl-dd">
         <path>C:\ti\ccs1230\ccs\tools\compiler\ti-cgt-arm_20.2.7.LTS\lib\</path>
         <kind>archive</kind>
         <file>rtsv7M4_T_le_v4SPD16_eabi.lib</file>
         <name>fs_tod_t2.asm.obj</name>
      </input_file>
      <input_file id="fl-de">
         <path>C:\ti\ccs1230\ccs\tools\compiler\ti-cgt-arm_20.2.7.LTS\lib\</path>
         <kind>archive</kind>
         <file>rtsv7M4_T_le_v4SPD16_eabi.lib</file>
         <name>i_tofd_t2.asm.obj</name>
      </input_file>
      <input_file id="fl-df">
         <path>C:\ti\ccs1230\ccs\tools\compiler\ti-cgt-arm_20.2.7.LTS\lib\</path>
         <kind>archive</kind>
         <file>rtsv7M4_T_le_v4SPD16_eabi.lib</file>
         <name>memset_t2.asm.obj</name>
      </input_file>
      <input_file id="fl-e0">
         <path>C:\ti\ccs1230\ccs\tools\compiler\ti-cgt-arm_20.2.7.LTS\lib\</path>
         <kind>archive</kind>
         <file>rtsv7M4_T_le_v4SPD16_eabi.lib</file>
         <name>copy_zero_init.c.obj</name>
      </input_file>
      <input_file id="fl-e1">
         <path>C:\ti\ccs1230\ccs\tools\compiler\ti-cgt-arm_20.2.7.LTS\lib\</path>
         <kind>archive</kind>
         <file>rtsv7M4_T_le_v4SPD16_eabi.lib</file>
         <name>copy_decompress_none.c.obj</name>
      </input_file>
      <input_file id="fl-e2">
         <path>C:\ti\ccs1230\ccs\tools\compiler\ti-cgt-arm_20.2.7.LTS\lib\</path>
         <kind>archive</kind>
         <file>rtsv7M4_T_le_v4SPD16_eabi.lib</file>
         <name>copy_decompress_lzss.c.obj</name>
      </input_file>
      <input_file id="fl-e3">
         <path>C:\ti\ccs1230\ccs\tools\compiler\ti-cgt-arm_20.2.7.LTS\lib\</path>
         <kind>archive</kind>
         <file>rtsv7M4_T_le_v4SPD16_eabi.lib</file>
         <name>boot_cortex_m.c.obj</name>
      </input_file>
      <input_file id="fl-e4">
         <path>C:\ti\ccs1230\ccs\tools\compiler\ti-cgt-arm_20.2.7.LTS\lib\</path>
         <kind>archive</kind>
         <file>rtsv7M4_T_le_v4SPD16_eabi.lib</file>
         <name>memcpy_t2.asm.obj</name>
      </input_file>
      <input_file id="fl-e5">
         <path>C:\ti\ccs1230\ccs\tools\compiler\ti-cgt-arm_20.2.7.LTS\lib\</path>
         <kind>archive</kind>
         <file>rtsv7M4_T_le_v4SPD16_eabi.lib</file>
         <name>autoinit.c.obj</name>
      </input_file>
      <input_file id="fl-e6">
         <path>C:\ti\ccs1230\ccs\tools\compiler\ti-cgt-arm_20.2.7.LTS\lib\</path>
         <kind>archive</kind>
         <file>rtsv7M4_T_le_v4SPD16_eabi.lib</file>
         <name>pre_init.c.obj</name>
      </input_file>
      <input_file id="fl-e7">
         <path>C:\ti\ccs1230\ccs\tools\compiler\ti-cgt-arm_20.2.7.LTS\lib\</path>
         <kind>archive</kind>
         <file>rtsv7M4_T_le_v4SPD16_eabi.lib</file>
         <name>cpy_tbl.c.obj</name>
      </input_file>
      <input_file id="fl-e8">
         <path>C:\ti\ccs1230\ccs\tools\compiler\ti-cgt-arm_20.2.7.LTS\lib\</path>
         <kind>archive</kind>
         <file>rtsv7M4_T_le_v4SPD16_eabi.lib</file>
         <name>exit.c.obj</name>
      </input_file>
      <input_file id="fl-e9">
         <path>C:\ti\ccs1230\ccs\tools\compiler\ti-cgt-arm_20.2.7.LTS\lib\</path>
         <kind>archive</kind>
         <file>rtsv7M4_T_le_v4SPD16_eabi.lib</file>
         <name>_lock.c.obj</name>
      </input_file>
      <input_file id="fl-ea">
         <path>C:\ti\ccs1230\ccs\tools\compiler\ti-cgt-arm_20.2.7.LTS\lib\</path>
         <kind>archive</kind>
         <file>rtsv7M4_T_le_v4SPD16_eabi.lib</file>
         <name>args_main.c.obj</name>
      </input_file>
   </input_file_list>
   <object_component_list>
      <object_component id="oc-26">
         <name>.intvecs:retain</name>
         <load_address>0x0</load_address>
         <run_address>0x0</run_address>
         <size>0xe4</size>
         <input_file_ref idref="fl-12"/>
      </object_component>
      <object_component id="oc-1ae">
         <name>.text:inituart_to_pc</name>
         <load_address>0xe4</load_address>
         <run_address>0xe4</run_address>
         <size>0x1e8</size>
         <input_file_ref idref="fl-10"/>
      </object_component>
      <object_component id="oc-10f">
         <name>.text</name>
         <load_address>0x2cc</load_address>
         <run_address>0x2cc</run_address>
         <size>0x1b6</size>
         <input_file_ref idref="fl-d9"/>
      </object_component>
      <object_component id="oc-100">
         <name>.text</name>
         <load_address>0x482</load_address>
         <run_address>0x482</run_address>
         <size>0x136</size>
         <input_file_ref idref="fl-da"/>
      </object_component>
      <object_component id="oc-1cc">
         <name>.text:motor_mea</name>
         <load_address>0x5b8</load_address>
         <run_address>0x5b8</run_address>
         <size>0x126</size>
         <input_file_ref idref="fl-a"/>
      </object_component>
      <object_component id="oc-6d">
         <name>.text:Default_Handler</name>
         <load_address>0x6de</load_address>
         <run_address>0x6de</run_address>
         <size>0x2</size>
         <input_file_ref idref="fl-12"/>
      </object_component>
      <object_component id="oc-79">
         <name>.text:TA2_0_IRQHandler</name>
         <load_address>0x6e0</load_address>
         <run_address>0x6e0</run_address>
         <size>0x124</size>
         <input_file_ref idref="fl-f"/>
      </object_component>
      <object_component id="oc-39e">
         <name>.text:OLED_ShowChar</name>
         <load_address>0x804</load_address>
         <run_address>0x804</run_address>
         <size>0x120</size>
         <input_file_ref idref="fl-b"/>
      </object_component>
      <object_component id="oc-2de">
         <name>.text:UART_initModule</name>
         <load_address>0x924</load_address>
         <run_address>0x924</run_address>
         <size>0x11c</size>
         <input_file_ref idref="fl-22"/>
      </object_component>
      <object_component id="oc-34e">
         <name>.text:_CSComputeCLKFrequency</name>
         <load_address>0xa40</load_address>
         <run_address>0xa40</run_address>
         <size>0x104</size>
         <input_file_ref idref="fl-1d"/>
      </object_component>
      <object_component id="oc-fb">
         <name>.text</name>
         <load_address>0xb44</load_address>
         <run_address>0xb44</run_address>
         <size>0xfc</size>
         <input_file_ref idref="fl-db"/>
      </object_component>
      <object_component id="oc-403">
         <name>.text:CS_getDCOFrequency</name>
         <load_address>0xc40</load_address>
         <run_address>0xc40</run_address>
         <size>0xf8</size>
         <input_file_ref idref="fl-1d"/>
      </object_component>
      <object_component id="oc-190">
         <name>.text:OLED_Init</name>
         <load_address>0xd38</load_address>
         <run_address>0xd38</run_address>
         <size>0xec</size>
         <input_file_ref idref="fl-b"/>
      </object_component>
      <object_component id="oc-301">
         <name>.text:OLED_ShowNum</name>
         <load_address>0xe24</load_address>
         <run_address>0xe24</run_address>
         <size>0xea</size>
         <input_file_ref idref="fl-b"/>
      </object_component>
      <object_component id="oc-1a2">
         <name>.text:TimA3_coder_init</name>
         <load_address>0xf10</load_address>
         <run_address>0xf10</run_address>
         <size>0xe8</size>
         <input_file_ref idref="fl-f"/>
      </object_component>
      <object_component id="oc-340">
         <name>.text:CS_startHFXTWithTimeout</name>
         <load_address>0xff8</load_address>
         <run_address>0xff8</run_address>
         <size>0xe4</size>
         <input_file_ref idref="fl-1d"/>
      </object_component>
      <object_component id="oc-7f">
         <name>.text:TA2_N_IRQHandler</name>
         <load_address>0x10dc</load_address>
         <run_address>0x10dc</run_address>
         <size>0xe4</size>
         <input_file_ref idref="fl-f"/>
      </object_component>
      <object_component id="oc-347">
         <name>.text:CS_startLFXTWithTimeout</name>
         <load_address>0x11c0</load_address>
         <run_address>0x11c0</run_address>
         <size>0xe0</size>
         <input_file_ref idref="fl-1d"/>
      </object_component>
      <object_component id="oc-2ed">
         <name>.text:motor_set_speed</name>
         <load_address>0x12a0</load_address>
         <run_address>0x12a0</run_address>
         <size>0xe0</size>
         <input_file_ref idref="fl-a"/>
      </object_component>
      <object_component id="oc-3e9">
         <name>.text:_CSGetHFXTFrequency</name>
         <load_address>0x1380</load_address>
         <run_address>0x1380</run_address>
         <size>0xdc</size>
         <input_file_ref idref="fl-1d"/>
      </object_component>
      <object_component id="oc-1c6">
         <name>.text:OLED_ShowChinese</name>
         <load_address>0x145c</load_address>
         <run_address>0x145c</run_address>
         <size>0xac</size>
         <input_file_ref idref="fl-b"/>
      </object_component>
      <object_component id="oc-17e">
         <name>.text:SysInit</name>
         <load_address>0x1508</load_address>
         <run_address>0x1508</run_address>
         <size>0xa4</size>
         <input_file_ref idref="fl-d"/>
      </object_component>
      <object_component id="oc-37">
         <name>.text</name>
         <load_address>0x15ac</load_address>
         <run_address>0x15ac</run_address>
         <size>0x9c</size>
         <input_file_ref idref="fl-e4"/>
      </object_component>
      <object_component id="oc-442">
         <name>.text:SysCtl_A_getTLVInfo</name>
         <load_address>0x1648</load_address>
         <run_address>0x1648</run_address>
         <size>0x94</size>
         <input_file_ref idref="fl-20"/>
      </object_component>
      <object_component id="oc-91">
         <name>.text:EUSCIA0_IRQHandler</name>
         <load_address>0x16dc</load_address>
         <run_address>0x16dc</run_address>
         <size>0x84</size>
         <input_file_ref idref="fl-10"/>
      </object_component>
      <object_component id="oc-2b7">
         <name>.text:motor_pwm_init</name>
         <load_address>0x1760</load_address>
         <run_address>0x1760</run_address>
         <size>0x84</size>
         <input_file_ref idref="fl-a"/>
      </object_component>
      <object_component id="oc-a9">
         <name>.text:T32_INT1_IRQHandler</name>
         <load_address>0x17e4</load_address>
         <run_address>0x17e4</run_address>
         <size>0x80</size>
         <input_file_ref idref="fl-3"/>
      </object_component>
      <object_component id="oc-448">
         <name>.text:_CSGetDOCFrequency</name>
         <load_address>0x1864</load_address>
         <run_address>0x1864</run_address>
         <size>0x7c</size>
         <input_file_ref idref="fl-1d"/>
      </object_component>
      <object_component id="oc-368">
         <name>.text:Send_Byte</name>
         <load_address>0x18e0</load_address>
         <run_address>0x18e0</run_address>
         <size>0x78</size>
         <input_file_ref idref="fl-b"/>
      </object_component>
      <object_component id="oc-ed">
         <name>.text:SystemInit</name>
         <load_address>0x1958</load_address>
         <run_address>0x1958</run_address>
         <size>0x78</size>
         <input_file_ref idref="fl-e"/>
      </object_component>
      <object_component id="oc-db">
         <name>.text:main</name>
         <load_address>0x19d0</load_address>
         <run_address>0x19d0</run_address>
         <size>0x78</size>
         <input_file_ref idref="fl-9"/>
      </object_component>
      <object_component id="oc-105">
         <name>.text</name>
         <load_address>0x1a48</load_address>
         <run_address>0x1a48</run_address>
         <size>0x6e</size>
         <input_file_ref idref="fl-dc"/>
      </object_component>
      <object_component id="oc-307">
         <name>.text:OLED_ShowString</name>
         <load_address>0x1ab6</load_address>
         <run_address>0x1ab6</run_address>
         <size>0x6c</size>
         <input_file_ref idref="fl-b"/>
      </object_component>
      <object_component id="oc-2af">
         <name>.text:OLED_Clear</name>
         <load_address>0x1b22</load_address>
         <run_address>0x1b22</run_address>
         <size>0x6a</size>
         <input_file_ref idref="fl-b"/>
      </object_component>
      <object_component id="oc-1a8">
         <name>.text:TimA2_Int_Init</name>
         <load_address>0x1b8c</load_address>
         <run_address>0x1b8c</run_address>
         <size>0x68</size>
         <input_file_ref idref="fl-f"/>
      </object_component>
      <object_component id="oc-17">
         <name>.text:decompress:lzss:__TI_decompress_lzss</name>
         <load_address>0x1bf4</load_address>
         <run_address>0x1bf4</run_address>
         <size>0x68</size>
         <input_file_ref idref="fl-e2"/>
      </object_component>
      <object_component id="oc-1ba">
         <name>.text:pid_init</name>
         <load_address>0x1c5c</load_address>
         <run_address>0x1c5c</run_address>
         <size>0x64</size>
         <input_file_ref idref="fl-c"/>
      </object_component>
      <object_component id="oc-3f7">
         <name>.text:_CSGetDividerValue</name>
         <load_address>0x1cc0</load_address>
         <run_address>0x1cc0</run_address>
         <size>0x62</size>
         <input_file_ref idref="fl-1d"/>
      </object_component>
      <object_component id="oc-85">
         <name>.text:TA3_0_IRQHandler</name>
         <load_address>0x1d24</load_address>
         <run_address>0x1d24</run_address>
         <size>0x60</size>
         <input_file_ref idref="fl-f"/>
      </object_component>
      <object_component id="oc-8b">
         <name>.text:TA3_N_IRQHandler</name>
         <load_address>0x1d84</load_address>
         <run_address>0x1d84</run_address>
         <size>0x60</size>
         <input_file_ref idref="fl-f"/>
      </object_component>
      <object_component id="oc-159">
         <name>.text:Tim32_0_Int_Init</name>
         <load_address>0x1de4</load_address>
         <run_address>0x1de4</run_address>
         <size>0x60</size>
         <input_file_ref idref="fl-3"/>
      </object_component>
      <object_component id="oc-40a">
         <name>.text:delay_us</name>
         <load_address>0x1e44</load_address>
         <run_address>0x1e44</run_address>
         <size>0x58</size>
         <input_file_ref idref="fl-5"/>
      </object_component>
      <object_component id="oc-2ca">
         <name>.text:GPIO_setAsInputPin</name>
         <load_address>0x1e9c</load_address>
         <run_address>0x1e9c</run_address>
         <size>0x4c</size>
         <input_file_ref idref="fl-1e"/>
      </object_component>
      <object_component id="oc-1df">
         <name>.text:__TI_auto_init_nobinit_nopinit:__TI_auto_init_nobinit_nopinit</name>
         <load_address>0x1ee8</load_address>
         <run_address>0x1ee8</run_address>
         <size>0x44</size>
         <input_file_ref idref="fl-e5"/>
      </object_component>
      <object_component id="oc-2a9">
         <name>.text:OLED_WR_Byte</name>
         <load_address>0x1f2c</load_address>
         <run_address>0x1f2c</run_address>
         <size>0x42</size>
         <input_file_ref idref="fl-b"/>
      </object_component>
      <object_component id="oc-2bd">
         <name>.text:GPIO_setAsOutputPin</name>
         <load_address>0x1f70</load_address>
         <run_address>0x1f70</run_address>
         <size>0x40</size>
         <input_file_ref idref="fl-1e"/>
      </object_component>
      <object_component id="oc-2f7">
         <name>.text:OLED_Set_Pos</name>
         <load_address>0x1fb0</load_address>
         <run_address>0x1fb0</run_address>
         <size>0x3c</size>
         <input_file_ref idref="fl-b"/>
      </object_component>
      <object_component id="oc-19c">
         <name>.text:motor_init</name>
         <load_address>0x1fec</load_address>
         <run_address>0x1fec</run_address>
         <size>0x3c</size>
         <input_file_ref idref="fl-a"/>
      </object_component>
      <object_component id="oc-10a">
         <name>.text</name>
         <load_address>0x2028</load_address>
         <run_address>0x2028</run_address>
         <size>0x38</size>
         <input_file_ref idref="fl-dd"/>
      </object_component>
      <object_component id="oc-18a">
         <name>.text:LED_Init</name>
         <load_address>0x2060</load_address>
         <run_address>0x2060</run_address>
         <size>0x34</size>
         <input_file_ref idref="fl-8"/>
      </object_component>
      <object_component id="oc-132">
         <name>.text:UART_transmitData</name>
         <load_address>0x2094</load_address>
         <run_address>0x2094</run_address>
         <size>0x34</size>
         <input_file_ref idref="fl-22"/>
      </object_component>
      <object_component id="oc-55">
         <name>.text:_c_int00_noargs:_c_int00_noargs</name>
         <load_address>0x20c8</load_address>
         <run_address>0x20c8</run_address>
         <size>0x34</size>
         <input_file_ref idref="fl-e3"/>
      </object_component>
      <object_component id="oc-138">
         <name>.text:transimitendflag</name>
         <load_address>0x20fc</load_address>
         <run_address>0x20fc</run_address>
         <size>0x34</size>
         <input_file_ref idref="fl-11"/>
      </object_component>
      <object_component id="oc-3fd">
         <name>.text:CS_clearInterruptFlag</name>
         <load_address>0x2130</load_address>
         <run_address>0x2130</run_address>
         <size>0x30</size>
         <input_file_ref idref="fl-1d"/>
      </object_component>
      <object_component id="oc-124">
         <name>.text:GPIO_getInputPinValue</name>
         <load_address>0x2160</load_address>
         <run_address>0x2160</run_address>
         <size>0x30</size>
         <input_file_ref idref="fl-1e"/>
      </object_component>
      <object_component id="oc-362">
         <name>.text:I2C_Start</name>
         <load_address>0x2190</load_address>
         <run_address>0x2190</run_address>
         <size>0x30</size>
         <input_file_ref idref="fl-b"/>
      </object_component>
      <object_component id="oc-196">
         <name>.text:Tim32_time_0p1s</name>
         <load_address>0x21c0</load_address>
         <run_address>0x21c0</run_address>
         <size>0x30</size>
         <input_file_ref idref="fl-3"/>
      </object_component>
      <object_component id="oc-12c">
         <name>.text:UART_receiveData</name>
         <load_address>0x21f0</load_address>
         <run_address>0x21f0</run_address>
         <size>0x30</size>
         <input_file_ref idref="fl-22"/>
      </object_component>
      <object_component id="oc-398">
         <name>.text:oled_pow</name>
         <load_address>0x2220</load_address>
         <run_address>0x2220</run_address>
         <size>0x30</size>
         <input_file_ref idref="fl-b"/>
      </object_component>
      <object_component id="oc-f6">
         <name>.text</name>
         <load_address>0x2250</load_address>
         <run_address>0x2250</run_address>
         <size>0x2e</size>
         <input_file_ref idref="fl-de"/>
      </object_component>
      <object_component id="oc-73">
         <name>.text:TA0_0_IRQHandler</name>
         <load_address>0x2280</load_address>
         <run_address>0x2280</run_address>
         <size>0x2c</size>
         <input_file_ref idref="fl-f"/>
      </object_component>
      <object_component id="oc-280">
         <name>.text:CS_getMCLK</name>
         <load_address>0x22ac</load_address>
         <run_address>0x22ac</run_address>
         <size>0x28</size>
         <input_file_ref idref="fl-1d"/>
      </object_component>
      <object_component id="oc-2c3">
         <name>.text:GPIO_setOutputHighOnPin</name>
         <load_address>0x22d4</load_address>
         <run_address>0x22d4</run_address>
         <size>0x28</size>
         <input_file_ref idref="fl-1e"/>
      </object_component>
      <object_component id="oc-2d8">
         <name>.text:GPIO_setOutputLowOnPin</name>
         <load_address>0x22fc</load_address>
         <run_address>0x22fc</run_address>
         <size>0x28</size>
         <input_file_ref idref="fl-1e"/>
      </object_component>
      <object_component id="oc-184">
         <name>.text:delay_init</name>
         <load_address>0x2324</load_address>
         <run_address>0x2324</run_address>
         <size>0x28</size>
         <input_file_ref idref="fl-5"/>
      </object_component>
      <object_component id="oc-2a3">
         <name>.text:I2C_SW_Configuration</name>
         <load_address>0x234c</load_address>
         <run_address>0x234c</run_address>
         <size>0x24</size>
         <input_file_ref idref="fl-b"/>
      </object_component>
      <object_component id="oc-374">
         <name>.text:I2C_Stop</name>
         <load_address>0x2370</load_address>
         <run_address>0x2370</run_address>
         <size>0x24</size>
         <input_file_ref idref="fl-b"/>
      </object_component>
      <object_component id="oc-36e">
         <name>.text:I2C_WaitAck</name>
         <load_address>0x2394</load_address>
         <run_address>0x2394</run_address>
         <size>0x24</size>
         <input_file_ref idref="fl-b"/>
      </object_component>
      <object_component id="oc-11d">
         <name>.text:Timer_A_getCaptureCompareCount</name>
         <load_address>0x23b8</load_address>
         <run_address>0x23b8</run_address>
         <size>0x22</size>
         <input_file_ref idref="fl-21"/>
      </object_component>
      <object_component id="oc-26d">
         <name>.text:CS_setExternalClockSourceFrequency</name>
         <load_address>0x23dc</load_address>
         <run_address>0x23dc</run_address>
         <size>0x20</size>
         <input_file_ref idref="fl-1d"/>
      </object_component>
      <object_component id="oc-97">
         <name>.text:EUSCIA1_IRQHandler</name>
         <load_address>0x23fc</load_address>
         <run_address>0x23fc</run_address>
         <size>0x20</size>
         <input_file_ref idref="fl-10"/>
      </object_component>
      <object_component id="oc-9d">
         <name>.text:EUSCIA2_IRQHandler</name>
         <load_address>0x241c</load_address>
         <run_address>0x241c</run_address>
         <size>0x20</size>
         <input_file_ref idref="fl-10"/>
      </object_component>
      <object_component id="oc-a3">
         <name>.text:EUSCIA3_IRQHandler</name>
         <load_address>0x243c</load_address>
         <run_address>0x243c</run_address>
         <size>0x20</size>
         <input_file_ref idref="fl-10"/>
      </object_component>
      <object_component id="oc-35b">
         <name>.text:delay_ms</name>
         <load_address>0x245c</load_address>
         <run_address>0x245c</run_address>
         <size>0x1e</size>
         <input_file_ref idref="fl-5"/>
      </object_component>
      <object_component id="oc-43">
         <name>.text:decompress:ZI:__TI_zero_init_nomemset:__TI_zero_init_nomemset</name>
         <load_address>0x247a</load_address>
         <run_address>0x247a</run_address>
         <size>0x1c</size>
         <input_file_ref idref="fl-e0"/>
      </object_component>
      <object_component id="oc-3e3">
         <name>.text:SysCtl_A_disableNMISource</name>
         <load_address>0x2498</load_address>
         <run_address>0x2498</run_address>
         <size>0x18</size>
         <input_file_ref idref="fl-20"/>
      </object_component>
      <object_component id="oc-3ef">
         <name>.text:SysCtl_A_enableNMISource</name>
         <load_address>0x24b0</load_address>
         <run_address>0x24b0</run_address>
         <size>0x18</size>
         <input_file_ref idref="fl-20"/>
      </object_component>
      <object_component id="oc-af">
         <name>.text:T32_INT2_IRQHandler</name>
         <load_address>0x24c8</load_address>
         <run_address>0x24c8</run_address>
         <size>0x18</size>
         <input_file_ref idref="fl-3"/>
      </object_component>
      <object_component id="oc-13e">
         <name>.text:UART_clearInterruptFlag</name>
         <load_address>0x24e0</load_address>
         <run_address>0x24e0</run_address>
         <size>0x16</size>
         <input_file_ref idref="fl-22"/>
      </object_component>
      <object_component id="oc-273">
         <name>.text:CS_startHFXT</name>
         <load_address>0x24f6</load_address>
         <run_address>0x24f6</run_address>
         <size>0x12</size>
         <input_file_ref idref="fl-1d"/>
      </object_component>
      <object_component id="oc-153">
         <name>.text:LED_G_Tog</name>
         <load_address>0x2508</load_address>
         <run_address>0x2508</run_address>
         <size>0x10</size>
         <input_file_ref idref="fl-8"/>
      </object_component>
      <object_component id="oc-3dd">
         <name>.text:SysCtl_A_getNMISourceStatus</name>
         <load_address>0x2518</load_address>
         <run_address>0x2518</run_address>
         <size>0x10</size>
         <input_file_ref idref="fl-20"/>
      </object_component>
      <object_component id="oc-1c0">
         <name>.text:motor_str</name>
         <load_address>0x2528</load_address>
         <run_address>0x2528</run_address>
         <size>0x10</size>
         <input_file_ref idref="fl-a"/>
      </object_component>
      <object_component id="oc-279">
         <name>.text:CS_startLFXT</name>
         <load_address>0x2538</load_address>
         <run_address>0x2538</run_address>
         <size>0xe</size>
         <input_file_ref idref="fl-1d"/>
      </object_component>
      <object_component id="oc-1d">
         <name>.text:decompress:none:__TI_decompress_none</name>
         <load_address>0x2546</load_address>
         <run_address>0x2546</run_address>
         <size>0xe</size>
         <input_file_ref idref="fl-e1"/>
      </object_component>
      <object_component id="oc-29c">
         <name>.text:LED_B_Off</name>
         <load_address>0x2554</load_address>
         <run_address>0x2554</run_address>
         <size>0xc</size>
         <input_file_ref idref="fl-8"/>
      </object_component>
      <object_component id="oc-296">
         <name>.text:LED_G_Off</name>
         <load_address>0x2560</load_address>
         <run_address>0x2560</run_address>
         <size>0xc</size>
         <input_file_ref idref="fl-8"/>
      </object_component>
      <object_component id="oc-28a">
         <name>.text:LED_RED_Off</name>
         <load_address>0x256c</load_address>
         <run_address>0x256c</run_address>
         <size>0xc</size>
         <input_file_ref idref="fl-8"/>
      </object_component>
      <object_component id="oc-290">
         <name>.text:LED_R_Off</name>
         <load_address>0x2578</load_address>
         <run_address>0x2578</run_address>
         <size>0xc</size>
         <input_file_ref idref="fl-8"/>
      </object_component>
      <object_component id="oc-67">
         <name>.text:Reset_Handler</name>
         <load_address>0x2584</load_address>
         <run_address>0x2584</run_address>
         <size>0xc</size>
         <input_file_ref idref="fl-12"/>
      </object_component>
      <object_component id="oc-1b4">
         <name>.text:get_motor_info</name>
         <load_address>0x2590</load_address>
         <run_address>0x2590</run_address>
         <size>0x8</size>
         <input_file_ref idref="fl-f"/>
      </object_component>
      <object_component id="oc-d5">
         <name>.text:_system_pre_init</name>
         <load_address>0x2598</load_address>
         <run_address>0x2598</run_address>
         <size>0x4</size>
         <input_file_ref idref="fl-e6"/>
      </object_component>
      <object_component id="oc-1d3">
         <name>.text:abort:abort</name>
         <load_address>0x259c</load_address>
         <run_address>0x259c</run_address>
         <size>0x4</size>
         <input_file_ref idref="fl-e8"/>
      </object_component>
      <object_component id="oc-422">
         <name>.const:asc2_1608</name>
         <load_address>0x25a0</load_address>
         <run_address>0x25a0</run_address>
         <size>0x5f0</size>
         <input_file_ref idref="fl-b"/>
      </object_component>
      <object_component id="oc-41f">
         <name>.const:asc2_0806</name>
         <load_address>0x2b90</load_address>
         <run_address>0x2b90</run_address>
         <size>0x23a</size>
         <input_file_ref idref="fl-b"/>
      </object_component>
      <object_component id="oc-2fd">
         <name>.const:Hzk</name>
         <load_address>0x2dca</load_address>
         <run_address>0x2dca</run_address>
         <size>0xe0</size>
         <input_file_ref idref="fl-b"/>
      </object_component>
      <object_component id="oc-24c">
         <name>.const:GPIO_PORT_TO_BASE</name>
         <load_address>0x2eac</load_address>
         <run_address>0x2eac</run_address>
         <size>0x30</size>
         <input_file_ref idref="fl-1e"/>
      </object_component>
      <object_component id="oc-2e4">
         <name>.const:uartConfig</name>
         <load_address>0x2edc</load_address>
         <run_address>0x2edc</run_address>
         <size>0x28</size>
         <input_file_ref idref="fl-10"/>
      </object_component>
      <object_component id="oc-2d3">
         <name>.const:$P$T3$4</name>
         <load_address>0x2f04</load_address>
         <run_address>0x2f04</run_address>
         <size>0x18</size>
         <input_file_ref idref="fl-f"/>
      </object_component>
      <object_component id="oc-2d0">
         <name>.const:$P$T2$3</name>
         <load_address>0x2f1c</load_address>
         <run_address>0x2f1c</run_address>
         <size>0x10</size>
         <input_file_ref idref="fl-f"/>
      </object_component>
      <object_component id="oc-48a">
         <name>.cinit..data.load</name>
         <load_address>0x2f30</load_address>
         <run_address>0x2f30</run_address>
         <size>0x15</size>
      </object_component>
      <object_component id="oc-488">
         <name>__TI_handler_table</name>
         <load_address>0x2f48</load_address>
         <run_address>0x2f48</run_address>
         <size>0xc</size>
      </object_component>
      <object_component id="oc-48b">
         <name>.cinit..bss.load</name>
         <load_address>0x2f58</load_address>
         <run_address>0x2f58</run_address>
         <size>0x8</size>
      </object_component>
      <object_component id="oc-489">
         <name>__TI_cinit_table</name>
         <load_address>0x2f60</load_address>
         <run_address>0x2f60</run_address>
         <size>0x10</size>
      </object_component>
      <object_component id="oc-45c">
         <name>.binit</name>
         <load_address>0x0</load_address>
         <run_address>0x0</run_address>
         <size>0x0</size>
      </object_component>
      <object_component id="oc-286">
         <name>.data</name>
         <load_address>0x20000094</load_address>
         <run_address>0x20000094</run_address>
         <size>0x1</size>
         <input_file_ref idref="fl-5"/>
      </object_component>
      <object_component id="oc-2f3">
         <name>.data:set_speed_max</name>
         <load_address>0x2000007c</load_address>
         <run_address>0x2000007c</run_address>
         <size>0x8</size>
         <input_file_ref idref="fl-a"/>
      </object_component>
      <object_component id="oc-119">
         <name>.data</name>
         <load_address>0x20000084</load_address>
         <run_address>0x20000084</run_address>
         <size>0x8</size>
         <input_file_ref idref="fl-f"/>
      </object_component>
      <object_component id="oc-144">
         <name>.data</name>
         <load_address>0x20000090</load_address>
         <run_address>0x20000090</run_address>
         <size>0x4</size>
         <input_file_ref idref="fl-10"/>
      </object_component>
      <object_component id="oc-252">
         <name>.data:endflag</name>
         <load_address>0x2000008c</load_address>
         <run_address>0x2000008c</run_address>
         <size>0x4</size>
         <input_file_ref idref="fl-11"/>
      </object_component>
      <object_component id="oc-33c">
         <name>.bss</name>
         <uninitialized>true</uninitialized>
         <run_address>0x20000068</run_address>
         <size>0x8</size>
         <input_file_ref idref="fl-1d"/>
      </object_component>
      <object_component id="oc-15f">
         <name>.common:count_32</name>
         <uninitialized>true</uninitialized>
         <run_address>0x20000070</run_address>
         <size>0x4</size>
      </object_component>
      <object_component id="oc-164">
         <name>.common:key</name>
         <uninitialized>true</uninitialized>
         <run_address>0x20000074</run_address>
         <size>0x4</size>
      </object_component>
      <object_component id="oc-390">
         <name>.common:i</name>
         <uninitialized>true</uninitialized>
         <run_address>0x20000078</run_address>
         <size>0x1</size>
      </object_component>
      <object_component id="oc-114">
         <name>.common:motor</name>
         <uninitialized>true</uninitialized>
         <run_address>0x20000000</run_address>
         <size>0x28</size>
      </object_component>
      <object_component id="oc-2e9">
         <name>.common:pid_motor</name>
         <uninitialized>true</uninitialized>
         <run_address>0x20000028</run_address>
         <size>0x20</size>
      </object_component>
      <object_component id="oc-147">
         <name>.common:recievedata</name>
         <uninitialized>true</uninitialized>
         <run_address>0x20000048</run_address>
         <size>0x20</size>
      </object_component>
      <object_component id="oc-29">
         <name>.stack</name>
         <uninitialized>true</uninitialized>
         <run_address>0x2000fe00</run_address>
         <size>0x4</size>
         <input_file_ref idref="fl-e3"/>
      </object_component>
      <object_component id="oc-48d">
         <name>.stack</name>
         <uninitialized>true</uninitialized>
         <run_address>0x2000fe00</run_address>
         <size>0x0</size>
      </object_component>
      <object_component id="oc-26b">
         <name>.debug_info</name>
         <load_address>0x0</load_address>
         <run_address>0x0</run_address>
         <size>0x739</size>
         <input_file_ref idref="fl-2"/>
      </object_component>
      <object_component id="oc-21f">
         <name>.debug_info</name>
         <load_address>0x739</load_address>
         <run_address>0x739</run_address>
         <size>0x37e2</size>
         <input_file_ref idref="fl-2"/>
      </object_component>
      <object_component id="oc-169">
         <name>.debug_info</name>
         <load_address>0x3f1b</load_address>
         <run_address>0x3f1b</run_address>
         <size>0x26b</size>
         <input_file_ref idref="fl-2"/>
      </object_component>
      <object_component id="oc-224">
         <name>.debug_info</name>
         <load_address>0x4186</load_address>
         <run_address>0x4186</run_address>
         <size>0x1028</size>
         <input_file_ref idref="fl-2"/>
      </object_component>
      <object_component id="oc-235">
         <name>.debug_info</name>
         <load_address>0x51ae</load_address>
         <run_address>0x51ae</run_address>
         <size>0x341</size>
         <input_file_ref idref="fl-2"/>
      </object_component>
      <object_component id="oc-32">
         <name>.debug_info</name>
         <load_address>0x54ef</load_address>
         <run_address>0x54ef</run_address>
         <size>0x84</size>
         <input_file_ref idref="fl-2"/>
      </object_component>
      <object_component id="oc-260">
         <name>.debug_info</name>
         <load_address>0x5573</load_address>
         <run_address>0x5573</run_address>
         <size>0x2a4</size>
         <input_file_ref idref="fl-2"/>
      </object_component>
      <object_component id="oc-229">
         <name>.debug_info</name>
         <load_address>0x5817</load_address>
         <run_address>0x5817</run_address>
         <size>0xef</size>
         <input_file_ref idref="fl-2"/>
      </object_component>
      <object_component id="oc-14b">
         <name>.debug_info</name>
         <load_address>0x5906</load_address>
         <run_address>0x5906</run_address>
         <size>0xbb</size>
         <input_file_ref idref="fl-2"/>
      </object_component>
      <object_component id="oc-25b">
         <name>.debug_info</name>
         <load_address>0x59c1</load_address>
         <run_address>0x59c1</run_address>
         <size>0x102</size>
         <input_file_ref idref="fl-2"/>
      </object_component>
      <object_component id="oc-160">
         <name>.debug_info</name>
         <load_address>0x5ac3</load_address>
         <run_address>0x5ac3</run_address>
         <size>0x659</size>
         <input_file_ref idref="fl-3"/>
      </object_component>
      <object_component id="oc-15a">
         <name>.debug_info</name>
         <load_address>0x611c</load_address>
         <run_address>0x611c</run_address>
         <size>0x180</size>
         <input_file_ref idref="fl-3"/>
      </object_component>
      <object_component id="oc-197">
         <name>.debug_info</name>
         <load_address>0x629c</load_address>
         <run_address>0x629c</run_address>
         <size>0x13b</size>
         <input_file_ref idref="fl-3"/>
      </object_component>
      <object_component id="oc-aa">
         <name>.debug_info</name>
         <load_address>0x63d7</load_address>
         <run_address>0x63d7</run_address>
         <size>0x178</size>
         <input_file_ref idref="fl-3"/>
      </object_component>
      <object_component id="oc-b0">
         <name>.debug_info</name>
         <load_address>0x654f</load_address>
         <run_address>0x654f</run_address>
         <size>0x12c</size>
         <input_file_ref idref="fl-3"/>
      </object_component>
      <object_component id="oc-21a">
         <name>.debug_info</name>
         <load_address>0x667b</load_address>
         <run_address>0x667b</run_address>
         <size>0x9a</size>
         <input_file_ref idref="fl-3"/>
      </object_component>
      <object_component id="oc-23a">
         <name>.debug_info</name>
         <load_address>0x6715</load_address>
         <run_address>0x6715</run_address>
         <size>0x8b</size>
         <input_file_ref idref="fl-3"/>
      </object_component>
      <object_component id="oc-287">
         <name>.debug_info</name>
         <load_address>0x67a0</load_address>
         <run_address>0x67a0</run_address>
         <size>0xde</size>
         <input_file_ref idref="fl-5"/>
      </object_component>
      <object_component id="oc-187">
         <name>.debug_info</name>
         <load_address>0x687e</load_address>
         <run_address>0x687e</run_address>
         <size>0x124</size>
         <input_file_ref idref="fl-5"/>
      </object_component>
      <object_component id="oc-40d">
         <name>.debug_info</name>
         <load_address>0x69a2</load_address>
         <run_address>0x69a2</run_address>
         <size>0x140</size>
         <input_file_ref idref="fl-5"/>
      </object_component>
      <object_component id="oc-35d">
         <name>.debug_info</name>
         <load_address>0x6ae2</load_address>
         <run_address>0x6ae2</run_address>
         <size>0x13d</size>
         <input_file_ref idref="fl-5"/>
      </object_component>
      <object_component id="oc-18d">
         <name>.debug_info</name>
         <load_address>0x6c1f</load_address>
         <run_address>0x6c1f</run_address>
         <size>0x159</size>
         <input_file_ref idref="fl-8"/>
      </object_component>
      <object_component id="oc-28d">
         <name>.debug_info</name>
         <load_address>0x6d78</load_address>
         <run_address>0x6d78</run_address>
         <size>0x10f</size>
         <input_file_ref idref="fl-8"/>
      </object_component>
      <object_component id="oc-293">
         <name>.debug_info</name>
         <load_address>0x6e87</load_address>
         <run_address>0x6e87</run_address>
         <size>0x10b</size>
         <input_file_ref idref="fl-8"/>
      </object_component>
      <object_component id="oc-298">
         <name>.debug_info</name>
         <load_address>0x6f92</load_address>
         <run_address>0x6f92</run_address>
         <size>0x10b</size>
         <input_file_ref idref="fl-8"/>
      </object_component>
      <object_component id="oc-29e">
         <name>.debug_info</name>
         <load_address>0x709d</load_address>
         <run_address>0x709d</run_address>
         <size>0x10b</size>
         <input_file_ref idref="fl-8"/>
      </object_component>
      <object_component id="oc-155">
         <name>.debug_info</name>
         <load_address>0x71a8</load_address>
         <run_address>0x71a8</run_address>
         <size>0x10b</size>
         <input_file_ref idref="fl-8"/>
      </object_component>
      <object_component id="oc-162">
         <name>.debug_info</name>
         <load_address>0x72b3</load_address>
         <run_address>0x72b3</run_address>
         <size>0x7fa</size>
         <input_file_ref idref="fl-9"/>
      </object_component>
      <object_component id="oc-dc">
         <name>.debug_info</name>
         <load_address>0x7aad</load_address>
         <run_address>0x7aad</run_address>
         <size>0x23a</size>
         <input_file_ref idref="fl-9"/>
      </object_component>
      <object_component id="oc-38b">
         <name>.debug_info</name>
         <load_address>0x7ce7</load_address>
         <run_address>0x7ce7</run_address>
         <size>0xd6</size>
         <input_file_ref idref="fl-9"/>
      </object_component>
      <object_component id="oc-115">
         <name>.debug_info</name>
         <load_address>0x7dbd</load_address>
         <run_address>0x7dbd</run_address>
         <size>0x6eb</size>
         <input_file_ref idref="fl-a"/>
      </object_component>
      <object_component id="oc-2f4">
         <name>.debug_info</name>
         <load_address>0x84a8</load_address>
         <run_address>0x84a8</run_address>
         <size>0xed</size>
         <input_file_ref idref="fl-a"/>
      </object_component>
      <object_component id="oc-2b9">
         <name>.debug_info</name>
         <load_address>0x8595</load_address>
         <run_address>0x8595</run_address>
         <size>0x1be</size>
         <input_file_ref idref="fl-a"/>
      </object_component>
      <object_component id="oc-19e">
         <name>.debug_info</name>
         <load_address>0x8753</load_address>
         <run_address>0x8753</run_address>
         <size>0x1cc</size>
         <input_file_ref idref="fl-a"/>
      </object_component>
      <object_component id="oc-2ee">
         <name>.debug_info</name>
         <load_address>0x891f</load_address>
         <run_address>0x891f</run_address>
         <size>0x170</size>
         <input_file_ref idref="fl-a"/>
      </object_component>
      <object_component id="oc-1c2">
         <name>.debug_info</name>
         <load_address>0x8a8f</load_address>
         <run_address>0x8a8f</run_address>
         <size>0x127</size>
         <input_file_ref idref="fl-a"/>
      </object_component>
      <object_component id="oc-1cd">
         <name>.debug_info</name>
         <load_address>0x8bb6</load_address>
         <run_address>0x8bb6</run_address>
         <size>0x1d6</size>
         <input_file_ref idref="fl-a"/>
      </object_component>
      <object_component id="oc-397">
         <name>.debug_info</name>
         <load_address>0x8d8c</load_address>
         <run_address>0x8d8c</run_address>
         <size>0x5cd</size>
         <input_file_ref idref="fl-b"/>
      </object_component>
      <object_component id="oc-420">
         <name>.debug_info</name>
         <load_address>0x9359</load_address>
         <run_address>0x9359</run_address>
         <size>0xe4</size>
         <input_file_ref idref="fl-b"/>
      </object_component>
      <object_component id="oc-423">
         <name>.debug_info</name>
         <load_address>0x943d</load_address>
         <run_address>0x943d</run_address>
         <size>0xe4</size>
         <input_file_ref idref="fl-b"/>
      </object_component>
      <object_component id="oc-2fe">
         <name>.debug_info</name>
         <load_address>0x9521</load_address>
         <run_address>0x9521</run_address>
         <size>0xd8</size>
         <input_file_ref idref="fl-b"/>
      </object_component>
      <object_component id="oc-2a4">
         <name>.debug_info</name>
         <load_address>0x95f9</load_address>
         <run_address>0x95f9</run_address>
         <size>0x133</size>
         <input_file_ref idref="fl-b"/>
      </object_component>
      <object_component id="oc-363">
         <name>.debug_info</name>
         <load_address>0x972c</load_address>
         <run_address>0x972c</run_address>
         <size>0x10e</size>
         <input_file_ref idref="fl-b"/>
      </object_component>
      <object_component id="oc-375">
         <name>.debug_info</name>
         <load_address>0x983a</load_address>
         <run_address>0x983a</run_address>
         <size>0x10c</size>
         <input_file_ref idref="fl-b"/>
      </object_component>
      <object_component id="oc-36f">
         <name>.debug_info</name>
         <load_address>0x9946</load_address>
         <run_address>0x9946</run_address>
         <size>0x112</size>
         <input_file_ref idref="fl-b"/>
      </object_component>
      <object_component id="oc-369">
         <name>.debug_info</name>
         <load_address>0x9a58</load_address>
         <run_address>0x9a58</run_address>
         <size>0x139</size>
         <input_file_ref idref="fl-b"/>
      </object_component>
      <object_component id="oc-2aa">
         <name>.debug_info</name>
         <load_address>0x9b91</load_address>
         <run_address>0x9b91</run_address>
         <size>0x1eb</size>
         <input_file_ref idref="fl-b"/>
      </object_component>
      <object_component id="oc-2f8">
         <name>.debug_info</name>
         <load_address>0x9d7c</load_address>
         <run_address>0x9d7c</run_address>
         <size>0x17b</size>
         <input_file_ref idref="fl-b"/>
      </object_component>
      <object_component id="oc-2b0">
         <name>.debug_info</name>
         <load_address>0x9ef7</load_address>
         <run_address>0x9ef7</run_address>
         <size>0x174</size>
         <input_file_ref idref="fl-b"/>
      </object_component>
      <object_component id="oc-39f">
         <name>.debug_info</name>
         <load_address>0xa06b</load_address>
         <run_address>0xa06b</run_address>
         <size>0x216</size>
         <input_file_ref idref="fl-b"/>
      </object_component>
      <object_component id="oc-399">
         <name>.debug_info</name>
         <load_address>0xa281</load_address>
         <run_address>0xa281</run_address>
         <size>0x154</size>
         <input_file_ref idref="fl-b"/>
      </object_component>
      <object_component id="oc-302">
         <name>.debug_info</name>
         <load_address>0xa3d5</load_address>
         <run_address>0xa3d5</run_address>
         <size>0x20c</size>
         <input_file_ref idref="fl-b"/>
      </object_component>
      <object_component id="oc-308">
         <name>.debug_info</name>
         <load_address>0xa5e1</load_address>
         <run_address>0xa5e1</run_address>
         <size>0x1b1</size>
         <input_file_ref idref="fl-b"/>
      </object_component>
      <object_component id="oc-1c7">
         <name>.debug_info</name>
         <load_address>0xa792</load_address>
         <run_address>0xa792</run_address>
         <size>0x1d5</size>
         <input_file_ref idref="fl-b"/>
      </object_component>
      <object_component id="oc-191">
         <name>.debug_info</name>
         <load_address>0xa967</load_address>
         <run_address>0xa967</run_address>
         <size>0x351</size>
         <input_file_ref idref="fl-b"/>
      </object_component>
      <object_component id="oc-2ea">
         <name>.debug_info</name>
         <load_address>0xacb8</load_address>
         <run_address>0xacb8</run_address>
         <size>0x629</size>
         <input_file_ref idref="fl-c"/>
      </object_component>
      <object_component id="oc-1bb">
         <name>.debug_info</name>
         <load_address>0xb2e1</load_address>
         <run_address>0xb2e1</run_address>
         <size>0x109</size>
         <input_file_ref idref="fl-c"/>
      </object_component>
      <object_component id="oc-180">
         <name>.debug_info</name>
         <load_address>0xb3ea</load_address>
         <run_address>0xb3ea</run_address>
         <size>0x193</size>
         <input_file_ref idref="fl-d"/>
      </object_component>
      <object_component id="oc-ee">
         <name>.debug_info</name>
         <load_address>0xb57d</load_address>
         <run_address>0xb57d</run_address>
         <size>0x13d</size>
         <input_file_ref idref="fl-e"/>
      </object_component>
      <object_component id="oc-117">
         <name>.debug_info</name>
         <load_address>0xb6ba</load_address>
         <run_address>0xb6ba</run_address>
         <size>0x691</size>
         <input_file_ref idref="fl-f"/>
      </object_component>
      <object_component id="oc-11a">
         <name>.debug_info</name>
         <load_address>0xbd4b</load_address>
         <run_address>0xbd4b</run_address>
         <size>0x12e</size>
         <input_file_ref idref="fl-f"/>
      </object_component>
      <object_component id="oc-2d1">
         <name>.debug_info</name>
         <load_address>0xbe79</load_address>
         <run_address>0xbe79</run_address>
         <size>0xe0</size>
         <input_file_ref idref="fl-f"/>
      </object_component>
      <object_component id="oc-2d4">
         <name>.debug_info</name>
         <load_address>0xbf59</load_address>
         <run_address>0xbf59</run_address>
         <size>0xe0</size>
         <input_file_ref idref="fl-f"/>
      </object_component>
      <object_component id="oc-1b5">
         <name>.debug_info</name>
         <load_address>0xc039</load_address>
         <run_address>0xc039</run_address>
         <size>0x11c</size>
         <input_file_ref idref="fl-f"/>
      </object_component>
      <object_component id="oc-75">
         <name>.debug_info</name>
         <load_address>0xc155</load_address>
         <run_address>0xc155</run_address>
         <size>0x12a</size>
         <input_file_ref idref="fl-f"/>
      </object_component>
      <object_component id="oc-1a9">
         <name>.debug_info</name>
         <load_address>0xc27f</load_address>
         <run_address>0xc27f</run_address>
         <size>0x14e</size>
         <input_file_ref idref="fl-f"/>
      </object_component>
      <object_component id="oc-7a">
         <name>.debug_info</name>
         <load_address>0xc3cd</load_address>
         <run_address>0xc3cd</run_address>
         <size>0x26f</size>
         <input_file_ref idref="fl-f"/>
      </object_component>
      <object_component id="oc-80">
         <name>.debug_info</name>
         <load_address>0xc63c</load_address>
         <run_address>0xc63c</run_address>
         <size>0x16c</size>
         <input_file_ref idref="fl-f"/>
      </object_component>
      <object_component id="oc-1a3">
         <name>.debug_info</name>
         <load_address>0xc7a8</load_address>
         <run_address>0xc7a8</run_address>
         <size>0x204</size>
         <input_file_ref idref="fl-f"/>
      </object_component>
      <object_component id="oc-86">
         <name>.debug_info</name>
         <load_address>0xc9ac</load_address>
         <run_address>0xc9ac</run_address>
         <size>0x149</size>
         <input_file_ref idref="fl-f"/>
      </object_component>
      <object_component id="oc-8c">
         <name>.debug_info</name>
         <load_address>0xcaf5</load_address>
         <run_address>0xcaf5</run_address>
         <size>0x149</size>
         <input_file_ref idref="fl-f"/>
      </object_component>
      <object_component id="oc-230">
         <name>.debug_info</name>
         <load_address>0xcc3e</load_address>
         <run_address>0xcc3e</run_address>
         <size>0x37e2</size>
         <input_file_ref idref="fl-f"/>
      </object_component>
      <object_component id="oc-148">
         <name>.debug_info</name>
         <load_address>0x10420</load_address>
         <run_address>0x10420</run_address>
         <size>0x76e</size>
         <input_file_ref idref="fl-10"/>
      </object_component>
      <object_component id="oc-2e5">
         <name>.debug_info</name>
         <load_address>0x10b8e</load_address>
         <run_address>0x10b8e</run_address>
         <size>0xec</size>
         <input_file_ref idref="fl-10"/>
      </object_component>
      <object_component id="oc-145">
         <name>.debug_info</name>
         <load_address>0x10c7a</load_address>
         <run_address>0x10c7a</run_address>
         <size>0xea</size>
         <input_file_ref idref="fl-10"/>
      </object_component>
      <object_component id="oc-1b0">
         <name>.debug_info</name>
         <load_address>0x10d64</load_address>
         <run_address>0x10d64</run_address>
         <size>0x425</size>
         <input_file_ref idref="fl-10"/>
      </object_component>
      <object_component id="oc-93">
         <name>.debug_info</name>
         <load_address>0x11189</load_address>
         <run_address>0x11189</run_address>
         <size>0x1e5</size>
         <input_file_ref idref="fl-10"/>
      </object_component>
      <object_component id="oc-98">
         <name>.debug_info</name>
         <load_address>0x1136e</load_address>
         <run_address>0x1136e</run_address>
         <size>0x17f</size>
         <input_file_ref idref="fl-10"/>
      </object_component>
      <object_component id="oc-9e">
         <name>.debug_info</name>
         <load_address>0x114ed</load_address>
         <run_address>0x114ed</run_address>
         <size>0x17f</size>
         <input_file_ref idref="fl-10"/>
      </object_component>
      <object_component id="oc-a4">
         <name>.debug_info</name>
         <load_address>0x1166c</load_address>
         <run_address>0x1166c</run_address>
         <size>0x17f</size>
         <input_file_ref idref="fl-10"/>
      </object_component>
      <object_component id="oc-338">
         <name>.debug_info</name>
         <load_address>0x117eb</load_address>
         <run_address>0x117eb</run_address>
         <size>0x5d4</size>
         <input_file_ref idref="fl-11"/>
      </object_component>
      <object_component id="oc-253">
         <name>.debug_info</name>
         <load_address>0x11dbf</load_address>
         <run_address>0x11dbf</run_address>
         <size>0xe0</size>
         <input_file_ref idref="fl-11"/>
      </object_component>
      <object_component id="oc-13a">
         <name>.debug_info</name>
         <load_address>0x11e9f</load_address>
         <run_address>0x11e9f</run_address>
         <size>0x140</size>
         <input_file_ref idref="fl-11"/>
      </object_component>
      <object_component id="oc-b7">
         <name>.debug_info</name>
         <load_address>0x11fdf</load_address>
         <run_address>0x11fdf</run_address>
         <size>0x2dd</size>
         <input_file_ref idref="fl-12"/>
      </object_component>
      <object_component id="oc-27">
         <name>.debug_info</name>
         <load_address>0x122bc</load_address>
         <run_address>0x122bc</run_address>
         <size>0x109</size>
         <input_file_ref idref="fl-12"/>
      </object_component>
      <object_component id="oc-6b">
         <name>.debug_info</name>
         <load_address>0x123c5</load_address>
         <run_address>0x123c5</run_address>
         <size>0x16c</size>
         <input_file_ref idref="fl-12"/>
      </object_component>
      <object_component id="oc-70">
         <name>.debug_info</name>
         <load_address>0x12531</load_address>
         <run_address>0x12531</run_address>
         <size>0x154</size>
         <input_file_ref idref="fl-12"/>
      </object_component>
      <object_component id="oc-3c7">
         <name>.debug_info</name>
         <load_address>0x12685</load_address>
         <run_address>0x12685</run_address>
         <size>0x807</size>
         <input_file_ref idref="fl-1d"/>
      </object_component>
      <object_component id="oc-33d">
         <name>.debug_info</name>
         <load_address>0x12e8c</load_address>
         <run_address>0x12e8c</run_address>
         <size>0x140</size>
         <input_file_ref idref="fl-1d"/>
      </object_component>
      <object_component id="oc-3ea">
         <name>.debug_info</name>
         <load_address>0x12fcc</load_address>
         <run_address>0x12fcc</run_address>
         <size>0x1a8</size>
         <input_file_ref idref="fl-1d"/>
      </object_component>
      <object_component id="oc-3f8">
         <name>.debug_info</name>
         <load_address>0x13174</load_address>
         <run_address>0x13174</run_address>
         <size>0x1d9</size>
         <input_file_ref idref="fl-1d"/>
      </object_component>
      <object_component id="oc-34f">
         <name>.debug_info</name>
         <load_address>0x1334d</load_address>
         <run_address>0x1334d</run_address>
         <size>0x2a8</size>
         <input_file_ref idref="fl-1d"/>
      </object_component>
      <object_component id="oc-449">
         <name>.debug_info</name>
         <load_address>0x135f5</load_address>
         <run_address>0x135f5</run_address>
         <size>0x1be</size>
         <input_file_ref idref="fl-1d"/>
      </object_component>
      <object_component id="oc-26e">
         <name>.debug_info</name>
         <load_address>0x137b3</load_address>
         <run_address>0x137b3</run_address>
         <size>0x291</size>
         <input_file_ref idref="fl-1d"/>
      </object_component>
      <object_component id="oc-274">
         <name>.debug_info</name>
         <load_address>0x13a44</load_address>
         <run_address>0x13a44</run_address>
         <size>0x1f7</size>
         <input_file_ref idref="fl-1d"/>
      </object_component>
      <object_component id="oc-341">
         <name>.debug_info</name>
         <load_address>0x13c3b</load_address>
         <run_address>0x13c3b</run_address>
         <size>0x2f9</size>
         <input_file_ref idref="fl-1d"/>
      </object_component>
      <object_component id="oc-27a">
         <name>.debug_info</name>
         <load_address>0x13f34</load_address>
         <run_address>0x13f34</run_address>
         <size>0x1eb</size>
         <input_file_ref idref="fl-1d"/>
      </object_component>
      <object_component id="oc-348">
         <name>.debug_info</name>
         <load_address>0x1411f</load_address>
         <run_address>0x1411f</run_address>
         <size>0x2d7</size>
         <input_file_ref idref="fl-1d"/>
      </object_component>
      <object_component id="oc-404">
         <name>.debug_info</name>
         <load_address>0x143f6</load_address>
         <run_address>0x143f6</run_address>
         <size>0x28f</size>
         <input_file_ref idref="fl-1d"/>
      </object_component>
      <object_component id="oc-281">
         <name>.debug_info</name>
         <load_address>0x14685</load_address>
         <run_address>0x14685</run_address>
         <size>0x1e9</size>
         <input_file_ref idref="fl-1d"/>
      </object_component>
      <object_component id="oc-3fe">
         <name>.debug_info</name>
         <load_address>0x1486e</load_address>
         <run_address>0x1486e</run_address>
         <size>0x1d3</size>
         <input_file_ref idref="fl-1d"/>
      </object_component>
      <object_component id="oc-3ca">
         <name>.debug_info</name>
         <load_address>0x14a41</load_address>
         <run_address>0x14a41</run_address>
         <size>0x431a</size>
         <input_file_ref idref="fl-1d"/>
      </object_component>
      <object_component id="oc-437">
         <name>.debug_info</name>
         <load_address>0x18d5b</load_address>
         <run_address>0x18d5b</run_address>
         <size>0x1b5</size>
         <input_file_ref idref="fl-1d"/>
      </object_component>
      <object_component id="oc-3d4">
         <name>.debug_info</name>
         <load_address>0x18f10</load_address>
         <run_address>0x18f10</run_address>
         <size>0x26b</size>
         <input_file_ref idref="fl-1d"/>
      </object_component>
      <object_component id="oc-3cf">
         <name>.debug_info</name>
         <load_address>0x1917b</load_address>
         <run_address>0x1917b</run_address>
         <size>0x1028</size>
         <input_file_ref idref="fl-1d"/>
      </object_component>
      <object_component id="oc-32e">
         <name>.debug_info</name>
         <load_address>0x1a1a3</load_address>
         <run_address>0x1a1a3</run_address>
         <size>0x297</size>
         <input_file_ref idref="fl-1d"/>
      </object_component>
      <object_component id="oc-242">
         <name>.debug_info</name>
         <load_address>0x1a43a</load_address>
         <run_address>0x1a43a</run_address>
         <size>0xef</size>
         <input_file_ref idref="fl-1d"/>
      </object_component>
      <object_component id="oc-247">
         <name>.debug_info</name>
         <load_address>0x1a529</load_address>
         <run_address>0x1a529</run_address>
         <size>0xbb</size>
         <input_file_ref idref="fl-1d"/>
      </object_component>
      <object_component id="oc-335">
         <name>.debug_info</name>
         <load_address>0x1a5e4</load_address>
         <run_address>0x1a5e4</run_address>
         <size>0x701</size>
         <input_file_ref idref="fl-1e"/>
      </object_component>
      <object_component id="oc-24d">
         <name>.debug_info</name>
         <load_address>0x1ace5</load_address>
         <run_address>0x1ace5</run_address>
         <size>0x135</size>
         <input_file_ref idref="fl-1e"/>
      </object_component>
      <object_component id="oc-2be">
         <name>.debug_info</name>
         <load_address>0x1ae1a</load_address>
         <run_address>0x1ae1a</run_address>
         <size>0x252</size>
         <input_file_ref idref="fl-1e"/>
      </object_component>
      <object_component id="oc-2cb">
         <name>.debug_info</name>
         <load_address>0x1b06c</load_address>
         <run_address>0x1b06c</run_address>
         <size>0x250</size>
         <input_file_ref idref="fl-1e"/>
      </object_component>
      <object_component id="oc-2c4">
         <name>.debug_info</name>
         <load_address>0x1b2bc</load_address>
         <run_address>0x1b2bc</run_address>
         <size>0x25a</size>
         <input_file_ref idref="fl-1e"/>
      </object_component>
      <object_component id="oc-2d9">
         <name>.debug_info</name>
         <load_address>0x1b516</load_address>
         <run_address>0x1b516</run_address>
         <size>0x258</size>
         <input_file_ref idref="fl-1e"/>
      </object_component>
      <object_component id="oc-125">
         <name>.debug_info</name>
         <load_address>0x1b76e</load_address>
         <run_address>0x1b76e</run_address>
         <size>0x27e</size>
         <input_file_ref idref="fl-1e"/>
      </object_component>
      <object_component id="oc-455">
         <name>.debug_info</name>
         <load_address>0x1b9ec</load_address>
         <run_address>0x1b9ec</run_address>
         <size>0x5c9</size>
         <input_file_ref idref="fl-20"/>
      </object_component>
      <object_component id="oc-443">
         <name>.debug_info</name>
         <load_address>0x1bfb5</load_address>
         <run_address>0x1bfb5</run_address>
         <size>0x298</size>
         <input_file_ref idref="fl-20"/>
      </object_component>
      <object_component id="oc-3e4">
         <name>.debug_info</name>
         <load_address>0x1c24d</load_address>
         <run_address>0x1c24d</run_address>
         <size>0x1eb</size>
         <input_file_ref idref="fl-20"/>
      </object_component>
      <object_component id="oc-3f0">
         <name>.debug_info</name>
         <load_address>0x1c438</load_address>
         <run_address>0x1c438</run_address>
         <size>0x1e9</size>
         <input_file_ref idref="fl-20"/>
      </object_component>
      <object_component id="oc-3de">
         <name>.debug_info</name>
         <load_address>0x1c621</load_address>
         <run_address>0x1c621</run_address>
         <size>0x1cc</size>
         <input_file_ref idref="fl-20"/>
      </object_component>
      <object_component id="oc-11e">
         <name>.debug_info</name>
         <load_address>0x1c7ed</load_address>
         <run_address>0x1c7ed</run_address>
         <size>0x274</size>
         <input_file_ref idref="fl-21"/>
      </object_component>
      <object_component id="oc-386">
         <name>.debug_info</name>
         <load_address>0x1ca61</load_address>
         <run_address>0x1ca61</run_address>
         <size>0x6eb</size>
         <input_file_ref idref="fl-22"/>
      </object_component>
      <object_component id="oc-2e0">
         <name>.debug_info</name>
         <load_address>0x1d14c</load_address>
         <run_address>0x1d14c</run_address>
         <size>0x234</size>
         <input_file_ref idref="fl-22"/>
      </object_component>
      <object_component id="oc-134">
         <name>.debug_info</name>
         <load_address>0x1d380</load_address>
         <run_address>0x1d380</run_address>
         <size>0x236</size>
         <input_file_ref idref="fl-22"/>
      </object_component>
      <object_component id="oc-12e">
         <name>.debug_info</name>
         <load_address>0x1d5b6</load_address>
         <run_address>0x1d5b6</run_address>
         <size>0x1f5</size>
         <input_file_ref idref="fl-22"/>
      </object_component>
      <object_component id="oc-140">
         <name>.debug_info</name>
         <load_address>0x1d7ab</load_address>
         <run_address>0x1d7ab</run_address>
         <size>0x225</size>
         <input_file_ref idref="fl-22"/>
      </object_component>
      <object_component id="oc-417">
         <name>.debug_info</name>
         <load_address>0x1d9d0</load_address>
         <run_address>0x1d9d0</run_address>
         <size>0x102</size>
         <input_file_ref idref="fl-22"/>
      </object_component>
      <object_component id="oc-111">
         <name>.debug_info</name>
         <load_address>0x1dad2</load_address>
         <run_address>0x1dad2</run_address>
         <size>0x14c</size>
         <input_file_ref idref="fl-d9"/>
      </object_component>
      <object_component id="oc-101">
         <name>.debug_info</name>
         <load_address>0x1dc1e</load_address>
         <run_address>0x1dc1e</run_address>
         <size>0x13a</size>
         <input_file_ref idref="fl-da"/>
      </object_component>
      <object_component id="oc-fc">
         <name>.debug_info</name>
         <load_address>0x1dd58</load_address>
         <run_address>0x1dd58</run_address>
         <size>0x13a</size>
         <input_file_ref idref="fl-db"/>
      </object_component>
      <object_component id="oc-108">
         <name>.debug_info</name>
         <load_address>0x1de92</load_address>
         <run_address>0x1de92</run_address>
         <size>0x13e</size>
         <input_file_ref idref="fl-dc"/>
      </object_component>
      <object_component id="oc-10b">
         <name>.debug_info</name>
         <load_address>0x1dfd0</load_address>
         <run_address>0x1dfd0</run_address>
         <size>0x12c</size>
         <input_file_ref idref="fl-dd"/>
      </object_component>
      <object_component id="oc-f9">
         <name>.debug_info</name>
         <load_address>0x1e0fc</load_address>
         <run_address>0x1e0fc</run_address>
         <size>0x12c</size>
         <input_file_ref idref="fl-de"/>
      </object_component>
      <object_component id="oc-ce">
         <name>.debug_info</name>
         <load_address>0x1e228</load_address>
         <run_address>0x1e228</run_address>
         <size>0x2d4</size>
         <input_file_ref idref="fl-e0"/>
      </object_component>
      <object_component id="oc-44">
         <name>.debug_info</name>
         <load_address>0x1e4fc</load_address>
         <run_address>0x1e4fc</run_address>
         <size>0x1d2</size>
         <input_file_ref idref="fl-e0"/>
      </object_component>
      <object_component id="oc-c9">
         <name>.debug_info</name>
         <load_address>0x1e6ce</load_address>
         <run_address>0x1e6ce</run_address>
         <size>0x46</size>
         <input_file_ref idref="fl-e0"/>
      </object_component>
      <object_component id="oc-175">
         <name>.debug_info</name>
         <load_address>0x1e714</load_address>
         <run_address>0x1e714</run_address>
         <size>0x2c</size>
         <input_file_ref idref="fl-e0"/>
      </object_component>
      <object_component id="oc-42">
         <name>.debug_info</name>
         <load_address>0x1e740</load_address>
         <run_address>0x1e740</run_address>
         <size>0x2a8</size>
         <input_file_ref idref="fl-e1"/>
      </object_component>
      <object_component id="oc-1e">
         <name>.debug_info</name>
         <load_address>0x1e9e8</load_address>
         <run_address>0x1e9e8</run_address>
         <size>0x1ea</size>
         <input_file_ref idref="fl-e1"/>
      </object_component>
      <object_component id="oc-3d">
         <name>.debug_info</name>
         <load_address>0x1ebd2</load_address>
         <run_address>0x1ebd2</run_address>
         <size>0x46</size>
         <input_file_ref idref="fl-e1"/>
      </object_component>
      <object_component id="oc-c1">
         <name>.debug_info</name>
         <load_address>0x1ec18</load_address>
         <run_address>0x1ec18</run_address>
         <size>0x2c</size>
         <input_file_ref idref="fl-e1"/>
      </object_component>
      <object_component id="oc-bf">
         <name>.debug_info</name>
         <load_address>0x1ec44</load_address>
         <run_address>0x1ec44</run_address>
         <size>0x29e</size>
         <input_file_ref idref="fl-e2"/>
      </object_component>
      <object_component id="oc-19">
         <name>.debug_info</name>
         <load_address>0x1eee2</load_address>
         <run_address>0x1eee2</run_address>
         <size>0x250</size>
         <input_file_ref idref="fl-e2"/>
      </object_component>
      <object_component id="oc-2d">
         <name>.debug_info</name>
         <load_address>0x1f132</load_address>
         <run_address>0x1f132</run_address>
         <size>0x60</size>
         <input_file_ref idref="fl-e2"/>
      </object_component>
      <object_component id="oc-16e">
         <name>.debug_info</name>
         <load_address>0x1f192</load_address>
         <run_address>0x1f192</run_address>
         <size>0x46</size>
         <input_file_ref idref="fl-e2"/>
      </object_component>
      <object_component id="oc-ba">
         <name>.debug_info</name>
         <load_address>0x1f1d8</load_address>
         <run_address>0x1f1d8</run_address>
         <size>0x39</size>
         <input_file_ref idref="fl-e2"/>
      </object_component>
      <object_component id="oc-2a">
         <name>.debug_info</name>
         <load_address>0x1f211</load_address>
         <run_address>0x1f211</run_address>
         <size>0x10b</size>
         <input_file_ref idref="fl-e3"/>
      </object_component>
      <object_component id="oc-56">
         <name>.debug_info</name>
         <load_address>0x1f31c</load_address>
         <run_address>0x1f31c</run_address>
         <size>0x1a9</size>
         <input_file_ref idref="fl-e3"/>
      </object_component>
      <object_component id="oc-3a">
         <name>.debug_info</name>
         <load_address>0x1f4c5</load_address>
         <run_address>0x1f4c5</run_address>
         <size>0x119</size>
         <input_file_ref idref="fl-e4"/>
      </object_component>
      <object_component id="oc-319">
         <name>.debug_info</name>
         <load_address>0x1f5de</load_address>
         <run_address>0x1f5de</run_address>
         <size>0x4b3</size>
         <input_file_ref idref="fl-e5"/>
      </object_component>
      <object_component id="oc-1e3">
         <name>.debug_info</name>
         <load_address>0x1fa91</load_address>
         <run_address>0x1fa91</run_address>
         <size>0x1a6</size>
         <input_file_ref idref="fl-e5"/>
      </object_component>
      <object_component id="oc-3b6">
         <name>.debug_info</name>
         <load_address>0x1fc37</load_address>
         <run_address>0x1fc37</run_address>
         <size>0x39</size>
         <input_file_ref idref="fl-e5"/>
      </object_component>
      <object_component id="oc-429">
         <name>.debug_info</name>
         <load_address>0x1fc70</load_address>
         <run_address>0x1fc70</run_address>
         <size>0x39</size>
         <input_file_ref idref="fl-e5"/>
      </object_component>
      <object_component id="oc-3bb">
         <name>.debug_info</name>
         <load_address>0x1fca9</load_address>
         <run_address>0x1fca9</run_address>
         <size>0x39</size>
         <input_file_ref idref="fl-e5"/>
      </object_component>
      <object_component id="oc-3c0">
         <name>.debug_info</name>
         <load_address>0x1fce2</load_address>
         <run_address>0x1fce2</run_address>
         <size>0xcd</size>
         <input_file_ref idref="fl-e5"/>
      </object_component>
      <object_component id="oc-d7">
[...]
      </symbol>
      <symbol id="sm-18d">
         <name>motor_str</name>
         <value>0x2529</value>
         <object_component_ref idref="oc-1c0"/>
      </symbol>
      <symbol id="sm-249">
         <name>asc2_1608</name>
         <value>0x25a0</value>
         <object_component_ref idref="oc-422"/>
      </symbol>
      <symbol id="sm-24a">
         <name>OLED_ShowNum</name>
         <value>0xe25</value>
         <object_component_ref idref="oc-301"/>
      </symbol>
      <symbol id="sm-24b">
         <name>I2C_WaitAck</name>
         <value>0x2395</value>
         <object_component_ref idref="oc-36e"/>
      </symbol>
      <symbol id="sm-24c">
         <name>OLED_WR_Byte</name>
         <value>0x1f2d</value>
         <object_component_ref idref="oc-2a9"/>
      </symbol>
      <symbol id="sm-24d">
         <name>Hzk</name>
         <value>0x2dca</value>
         <object_component_ref idref="oc-2fd"/>
      </symbol>
      <symbol id="sm-24e">
         <name>asc2_0806</name>
         <value>0x2b90</value>
         <object_component_ref idref="oc-41f"/>
      </symbol>
      <symbol id="sm-24f">
         <name>OLED_Init</name>
         <value>0xd39</value>
         <object_component_ref idref="oc-190"/>
      </symbol>
      <symbol id="sm-250">
         <name>I2C_SW_Configuration</name>
         <value>0x234d</value>
         <object_component_ref idref="oc-2a3"/>
      </symbol>
      <symbol id="sm-251">
         <name>OLED_ShowString</name>
         <value>0x1ab7</value>
         <object_component_ref idref="oc-307"/>
      </symbol>
      <symbol id="sm-252">
         <name>OLED_ShowChar</name>
         <value>0x805</value>
         <object_component_ref idref="oc-39e"/>
      </symbol>
      <symbol id="sm-253">
         <name>OLED_Clear</name>
         <value>0x1b23</value>
         <object_component_ref idref="oc-2af"/>
      </symbol>
      <symbol id="sm-254">
         <name>OLED_ShowChinese</name>
         <value>0x145d</value>
         <object_component_ref idref="oc-1c6"/>
      </symbol>
      <symbol id="sm-255">
         <name>oled_pow</name>
         <value>0x2221</value>
         <object_component_ref idref="oc-398"/>
      </symbol>
      <symbol id="sm-256">
         <name>I2C_Start</name>
         <value>0x2191</value>
         <object_component_ref idref="oc-362"/>
      </symbol>
      <symbol id="sm-257">
         <name>I2C_Stop</name>
         <value>0x2371</value>
         <object_component_ref idref="oc-374"/>
      </symbol>
      <symbol id="sm-258">
         <name>Send_Byte</name>
         <value>0x18e1</value>
         <object_component_ref idref="oc-368"/>
      </symbol>
      <symbol id="sm-259">
         <name>OLED_Set_Pos</name>
         <value>0x1fb1</value>
         <object_component_ref idref="oc-2f7"/>
      </symbol>
      <symbol id="sm-272">
         <name>pid_motor</name>
         <value>0x20000028</value>
      </symbol>
      <symbol id="sm-273">
         <name>pid_init</name>
         <value>0x1c5d</value>
         <object_component_ref idref="oc-1ba"/>
      </symbol>
      <symbol id="sm-284">
         <name>SysInit</name>
         <value>0x1509</value>
         <object_component_ref idref="oc-17e"/>
      </symbol>
      <symbol id="sm-297">
         <name>SystemInit</name>
         <value>0x1959</value>
         <object_component_ref idref="oc-ed"/>
      </symbol>
      <symbol id="sm-330">
         <name>TIMA2_CAP_STA</name>
         <value>0x20000084</value>
         <object_component_ref idref="oc-119"/>
      </symbol>
      <symbol id="sm-331">
         <name>TA2_0_IRQHandler</name>
         <value>0x6e1</value>
         <object_component_ref idref="oc-79"/>
      </symbol>
      <symbol id="sm-332">
         <name>TA3_N_IRQHandler</name>
         <value>0x1d85</value>
         <object_component_ref idref="oc-8b"/>
      </symbol>
      <symbol id="sm-333">
         <name>TA0_0_IRQHandler</name>
         <value>0x2281</value>
         <object_component_ref idref="oc-73"/>
      </symbol>
      <symbol id="sm-334">
         <name>TimA2_Int_Init</name>
         <value>0x1b8d</value>
         <object_component_ref idref="oc-1a8"/>
      </symbol>
      <symbol id="sm-335">
         <name>TimA3_coder_init</name>
         <value>0xf11</value>
         <object_component_ref idref="oc-1a2"/>
      </symbol>
      <symbol id="sm-336">
         <name>get_motor_info</name>
         <value>0x2591</value>
         <object_component_ref idref="oc-1b4"/>
      </symbol>
      <symbol id="sm-337">
         <name>TA3_0_IRQHandler</name>
         <value>0x1d25</value>
         <object_component_ref idref="oc-85"/>
      </symbol>
      <symbol id="sm-338">
         <name>TA2_N_IRQHandler</name>
         <value>0x10dd</value>
         <object_component_ref idref="oc-7f"/>
      </symbol>
      <symbol id="sm-339">
         <name>spe</name>
         <value>0x20000088</value>
         <object_component_ref idref="oc-119"/>
      </symbol>
      <symbol id="sm-33a">
         <name>TIMA2_CAP_VAL</name>
         <value>0x20000086</value>
         <object_component_ref idref="oc-119"/>
      </symbol>
      <symbol id="sm-390">
         <name>recievedata</name>
         <value>0x20000048</value>
      </symbol>
      <symbol id="sm-391">
         <name>EUSCIA3_IRQHandler</name>
         <value>0x243d</value>
         <object_component_ref idref="oc-a3"/>
      </symbol>
      <symbol id="sm-392">
         <name>uartConfig</name>
         <value>0x2edc</value>
         <object_component_ref idref="oc-2e4"/>
      </symbol>
      <symbol id="sm-393">
         <name>EUSCIA1_IRQHandler</name>
         <value>0x23fd</value>
         <object_component_ref idref="oc-97"/>
      </symbol>
      <symbol id="sm-394">
         <name>inituart_to_pc</name>
         <value>0xe5</value>
         <object_component_ref idref="oc-1ae"/>
      </symbol>
      <symbol id="sm-395">
         <name>EUSCIA2_IRQHandler</name>
         <value>0x241d</value>
         <object_component_ref idref="oc-9d"/>
      </symbol>
      <symbol id="sm-396">
         <name>EUSCIA0_IRQHandler</name>
         <value>0x16dd</value>
         <object_component_ref idref="oc-91"/>
      </symbol>
      <symbol id="sm-397">
         <name>countflag</name>
         <value>0x20000090</value>
         <object_component_ref idref="oc-144"/>
      </symbol>
      <symbol id="sm-3b0">
         <name>transimitendflag</name>
         <value>0x20fd</value>
         <object_component_ref idref="oc-138"/>
      </symbol>
      <symbol id="sm-3b1">
         <name>endflag</name>
         <value>0x2000008c</value>
         <object_component_ref idref="oc-252"/>
      </symbol>
      <symbol id="sm-3cd">
         <name>Reset_Handler</name>
         <value>0x2585</value>
         <object_component_ref idref="oc-67"/>
      </symbol>
      <symbol id="sm-3ce">
         <name>Default_Handler</name>
         <value>0x6df</value>
         <object_component_ref idref="oc-6d"/>
      </symbol>
      <symbol id="sm-3cf">
         <name>interruptVectors</name>
         <value>0x0</value>
         <object_component_ref idref="oc-26"/>
      </symbol>
      <symbol id="sm-4e7">
         <name>CS_startLFXT</name>
         <value>0x2539</value>
         <object_component_ref idref="oc-279"/>
      </symbol>
      <symbol id="sm-4e8">
         <name>CS_getMCLK</name>
         <value>0x22ad</value>
         <object_component_ref idref="oc-280"/>
      </symbol>
      <symbol id="sm-4e9">
         <name>CS_clearInterruptFlag</name>
         <value>0x2131</value>
         <object_component_ref idref="oc-3fd"/>
      </symbol>
      <symbol id="sm-4ea">
         <name>CS_startHFXT</name>
         <value>0x24f7</value>
         <object_component_ref idref="oc-273"/>
      </symbol>
      <symbol id="sm-4eb">
         <name>CS_getDCOFrequency</name>
         <value>0xc41</value>
         <object_component_ref idref="oc-403"/>
      </symbol>
      <symbol id="sm-4ec">
         <name>CS_setExternalClockSourceFrequency</name>
         <value>0x23dd</value>
         <object_component_ref idref="oc-26d"/>
      </symbol>
      <symbol id="sm-4ed">
         <name>CS_startHFXTWithTimeout</name>
         <value>0xff9</value>
         <object_component_ref idref="oc-340"/>
      </symbol>
      <symbol id="sm-4ee">
         <name>CS_startLFXTWithTimeout</name>
         <value>0x11c1</value>
         <object_component_ref idref="oc-347"/>
      </symbol>
      <symbol id="sm-52e">
         <name>GPIO_setAsInputPin</name>
         <value>0x1e9d</value>
         <object_component_ref idref="oc-2ca"/>
      </symbol>
      <symbol id="sm-52f">
         <name>GPIO_setOutputHighOnPin</name>
         <value>0x22d5</value>
         <object_component_ref idref="oc-2c3"/>
      </symbol>
      <symbol id="sm-530">
         <name>GPIO_setAsOutputPin</name>
         <value>0x1f71</value>
         <object_component_ref idref="oc-2bd"/>
      </symbol>
      <symbol id="sm-531">
         <name>GPIO_setOutputLowOnPin</name>
         <value>0x22fd</value>
         <object_component_ref idref="oc-2d8"/>
      </symbol>
      <symbol id="sm-532">
         <name>GPIO_getInputPinValue</name>
         <value>0x2161</value>
         <object_component_ref idref="oc-124"/>
      </symbol>
      <symbol id="sm-567">
         <name>SysCtl_A_enableNMISource</name>
         <value>0x24b1</value>
         <object_component_ref idref="oc-3ef"/>
      </symbol>
      <symbol id="sm-568">
         <name>SysCtl_A_getTLVInfo</name>
         <value>0x1649</value>
         <object_component_ref idref="oc-442"/>
      </symbol>
      <symbol id="sm-569">
         <name>SysCtl_A_getNMISourceStatus</name>
         <value>0x2519</value>
         <object_component_ref idref="oc-3dd"/>
      </symbol>
      <symbol id="sm-56a">
         <name>SysCtl_A_disableNMISource</name>
         <value>0x2499</value>
         <object_component_ref idref="oc-3e3"/>
      </symbol>
      <symbol id="sm-574">
         <name>Timer_A_getCaptureCompareCount</name>
         <value>0x23b9</value>
         <object_component_ref idref="oc-11d"/>
      </symbol>
      <symbol id="sm-5b9">
         <name>UART_receiveData</name>
         <value>0x21f1</value>
         <object_component_ref idref="oc-12c"/>
      </symbol>
      <symbol id="sm-5ba">
         <name>UART_transmitData</name>
         <value>0x2095</value>
         <object_component_ref idref="oc-132"/>
      </symbol>
      <symbol id="sm-5bb">
         <name>UART_initModule</name>
         <value>0x925</value>
         <object_component_ref idref="oc-2de"/>
      </symbol>
      <symbol id="sm-5bc">
         <name>UART_clearInterruptFlag</name>
         <value>0x24e1</value>
         <object_component_ref idref="oc-13e"/>
      </symbol>
      <symbol id="sm-5d4">
         <name>__aeabi_dsub</name>
         <value>0x2cd</value>
         <object_component_ref idref="oc-10f"/>
      </symbol>
      <symbol id="sm-5d5">
         <name>__aeabi_dadd</name>
         <value>0x2d7</value>
         <object_component_ref idref="oc-10f"/>
      </symbol>
      <symbol id="sm-5e9">
         <name>__aeabi_ddiv</name>
         <value>0x483</value>
         <object_component_ref idref="oc-100"/>
      </symbol>
      <symbol id="sm-5f4">
         <name>__aeabi_dmul</name>
         <value>0xb45</value>
         <object_component_ref idref="oc-fb"/>
      </symbol>
      <symbol id="sm-600">
         <name>__aeabi_d2f</name>
         <value>0x1a49</value>
         <object_component_ref idref="oc-105"/>
      </symbol>
      <symbol id="sm-60b">
         <name>__aeabi_f2d</name>
         <value>0x2029</value>
         <object_component_ref idref="oc-10a"/>
      </symbol>
      <symbol id="sm-615">
         <name>__aeabi_i2d</name>
         <value>0x2251</value>
         <object_component_ref idref="oc-f6"/>
      </symbol>
      <symbol id="sm-62f">
         <name>__TI_zero_init_nomemset</name>
         <value>0x247b</value>
         <object_component_ref idref="oc-43"/>
      </symbol>
      <symbol id="sm-646">
         <name>__TI_decompress_none</name>
         <value>0x2547</value>
         <object_component_ref idref="oc-1d"/>
      </symbol>
      <symbol id="sm-669">
         <name>__TI_decompress_lzss</name>
         <value>0x1bf5</value>
         <object_component_ref idref="oc-17"/>
      </symbol>
      <symbol id="sm-67c">
         <name>__stack</name>
         <value>0x2000fe00</value>
         <object_component_ref idref="oc-29"/>
      </symbol>
      <symbol id="sm-67d">
         <name>_c_int00_noargs</name>
         <value>0x20c9</value>
         <object_component_ref idref="oc-55"/>
      </symbol>
      <symbol id="sm-698">
         <name>memcpy</name>
         <value>0x15ad</value>
         <object_component_ref idref="oc-37"/>
      </symbol>
      <symbol id="sm-699">
         <name>__aeabi_memcpy</name>
         <value>0x15ad</value>
         <object_component_ref idref="oc-37"/>
      </symbol>
      <symbol id="sm-69a">
         <name>__aeabi_memcpy8</name>
         <value>0x15ad</value>
         <object_component_ref idref="oc-37"/>
      </symbol>
      <symbol id="sm-69b">
         <name>__aeabi_memcpy4</name>
         <value>0x15ad</value>
         <object_component_ref idref="oc-37"/>
      </symbol>
      <symbol id="sm-6c3">
         <name>__TI_auto_init_nobinit_nopinit</name>
         <value>0x1ee9</value>
         <object_component_ref idref="oc-1df"/>
      </symbol>
      <symbol id="sm-6cd">
         <name>_system_pre_init</name>
         <value>0x2599</value>
         <object_component_ref idref="oc-d5"/>
      </symbol>
      <symbol id="sm-6d9">
         <name>C$$EXIT</name>
         <value>0x259d</value>
         <object_component_ref idref="oc-1d3"/>
      </symbol>
      <symbol id="sm-6da">
         <name>abort</name>
         <value>0x259d</value>
         <object_component_ref idref="oc-1d3"/>
      </symbol>
      <symbol id="sm-6dd">
         <name>__TI_static_base__</name>
         <value>0x0</value>
      </symbol>
      <symbol id="sm-6e0">
         <name>__mpu_init</name>
         <value>0x0</value>
      </symbol>
      <symbol id="sm-6e1">
         <name>_system_post_cinit</name>
         <value>0x0</value>
      </symbol>
      <symbol id="sm-6e2">
         <name>NMI_Handler</name>
         <value>0x6df</value>
      </symbol>
      <symbol id="sm-6e3">
         <name>HardFault_Handler</name>
         <value>0x6df</value>
      </symbol>
      <symbol id="sm-6e4">
         <name>MemManage_Handler</name>
         <value>0x6df</value>
      </symbol>
      <symbol id="sm-6e5">
         <name>BusFault_Handler</name>
         <value>0x6df</value>
      </symbol>
      <symbol id="sm-6e6">
         <name>UsageFault_Handler</name>
         <value>0x6df</value>
      </symbol>
      <symbol id="sm-6e7">
         <name>SVC_Handler</name>
         <value>0x6df</value>
      </symbol>
      <symbol id="sm-6e8">
         <name>DebugMon_Handler</name>
         <value>0x6df</value>
      </symbol>
      <symbol id="sm-6e9">
         <name>PendSV_Handler</name>
         <value>0x6df</value>
      </symbol>
      <symbol id="sm-6ea">
         <name>SysTick_Handler</name>
         <value>0x6df</value>
      </symbol>
      <symbol id="sm-6eb">
         <name>PSS_IRQHandler</name>
         <value>0x6df</value>
      </symbol>
      <symbol id="sm-6ec">
         <name>CS_IRQHandler</name>
         <value>0x6df</value>
      </symbol>
      <symbol id="sm-6ed">
         <name>PCM_IRQHandler</name>
         <value>0x6df</value>
      </symbol>
      <symbol id="sm-6ee">
         <name>WDT_A_IRQHandler</name>
         <value>0x6df</value>
      </symbol>
      <symbol id="sm-6ef">
         <name>FPU_IRQHandler</name>
         <value>0x6df</value>
      </symbol>
      <symbol id="sm-6f0">
         <name>FLCTL_IRQHandler</name>
         <value>0x6df</value>
      </symbol>
      <symbol id="sm-6f1">
         <name>COMP_E0_IRQHandler</name>
         <value>0x6df</value>
      </symbol>
      <symbol id="sm-6f2">
         <name>COMP_E1_IRQHandler</name>
         <value>0x6df</value>
      </symbol>
      <symbol id="sm-6f3">
         <name>TA0_0_IRQHandler</name>
         <value>0x2281</value>
      </symbol>
      <symbol id="sm-6f4">
         <name>TA0_N_IRQHandler</name>
         <value>0x6df</value>
      </symbol>
      <symbol id="sm-6f5">
         <name>TA1_0_IRQHandler</name>
         <value>0x6df</value>
      </symbol>
      <symbol id="sm-6f6">
         <name>TA1_N_IRQHandler</name>
         <value>0x6df</value>
      </symbol>
      <symbol id="sm-6f7">
         <name>TA2_0_IRQHandler</name>
         <value>0x6e1</value>
      </symbol>
      <symbol id="sm-6f8">
         <name>TA2_N_IRQHandler</name>
         <value>0x10dd</value>
      </symbol>
      <symbol id="sm-6f9">
         <name>TA3_0_IRQHandler</name>
         <value>0x1d25</value>
      </symbol>
      <symbol id="sm-6fa">
         <name>TA3_N_IRQHandler</name>
         <value>0x1d85</value>
      </symbol>
      <symbol id="sm-6fb">
         <name>EUSCIA0_IRQHandler</name>
         <value>0x16dd</value>
      </symbol>
      <symbol id="sm-6fc">
         <name>EUSCIA1_IRQHandler</name>
         <value>0x23fd</value>
      </symbol>
      <symbol id="sm-6fd">
         <name>EUSCIA2_IRQHandler</name>
         <value>0x241d</value>
      </symbol>
      <symbol id="sm-6fe">
         <name>EUSCIA3_IRQHandler</name>
         <value>0x243d</value>
      </symbol>
      <symbol id="sm-6ff">
         <name>EUSCIB0_IRQHandler</name>
         <value>0x6df</value>
      </symbol>
      <symbol id="sm-700">
         <name>EUSCIB1_IRQHandler</name>
         <value>0x6df</value>
      </symbol>
      <symbol id="sm-701">
         <name>EUSCIB2_IRQHandler</name>
         <value>0x6df</value>
      </symbol>
      <symbol id="sm-702">
         <name>EUSCIB3_IRQHandler</name>
         <value>0x6df</value>
      </symbol>
      <symbol id="sm-703">
         <name>ADC14_IRQHandler</name>
         <value>0x6df</value>
      </symbol>
      <symbol id="sm-704">
         <name>T32_INT1_IRQHandler</name>
         <value>0x17e5</value>
      </symbol>
      <symbol id="sm-705">
         <name>T32_INT2_IRQHandler</name>
         <value>0x24c9</value>
      </symbol>
      <symbol id="sm-706">
         <name>T32_INTC_IRQHandler</name>
         <value>0x6df</value>
      </symbol>
      <symbol id="sm-707">
         <name>AES256_IRQHandler</name>
         <value>0x6df</value>
      </symbol>
      <symbol id="sm-708">
         <name>RTC_C_IRQHandler</name>
         <value>0x6df</value>
      </symbol>
      <symbol id="sm-709">
         <name>DMA_ERR_IRQHandler</name>
         <value>0x6df</value>
      </symbol>
      <symbol id="sm-70a">
         <name>DMA_INT3_IRQHandler</name>
         <value>0x6df</value>
      </symbol>
      <symbol id="sm-70b">
         <name>DMA_INT2_IRQHandler</name>
         <value>0x6df</value>
      </symbol>
      <symbol id="sm-70c">
         <name>DMA_INT1_IRQHandler</name>
         <value>0x6df</value>
      </symbol>
      <symbol id="sm-70d">
         <name>DMA_INT0_IRQHandler</name>
         <value>0x6df</value>
      </symbol>
      <symbol id="sm-70e">
         <name>PORT1_IRQHandler</name>
         <value>0x6df</value>
      </symbol>
      <symbol id="sm-70f">
         <name>PORT2_IRQHandler</name>
         <value>0x6df</value>
      </symbol>
      <symbol id="sm-710">
         <name>PORT3_IRQHandler</name>
         <value>0x6df</value>
      </symbol>
      <symbol id="sm-711">
         <name>PORT4_IRQHandler</name>
         <value>0x6df</value>
      </symbol>
      <symbol id="sm-712">
         <name>PORT5_IRQHandler</name>
         <value>0x6df</value>
      </symbol>
      <symbol id="sm-713">
         <name>PORT6_IRQHandler</name>
         <value>0x6df</value>
      </symbol>
   </symbol_table>
   <title>Link successful</title>
</link_info>
