<?xml version="1.0" encoding="ISO-8859-1" ?>
<link_info>
   <banner>TI ARM Linker PC v20.2.7.LTS</banner>
   <copyright>Copyright (c) 1996-2018 Texas Instruments Incorporated</copyright>
   <link_time>0x64ce3694</link_time>
   <link_errors>0x0</link_errors>
   <output_file>self_MSP_EXP432P401R_nortos_ccs2.out</output_file>
   <entry_point>
      <name>_c_int00_noargs</name>
      <address>0x28d5</address>
   </entry_point>
   <input_file_list>
      <input_file id="fl-2">
         <path>.\</path>
         <kind>object</kind>
         <file>main.obj</file>
         <name>main.obj</name>
      </input_file>
      <input_file id="fl-3">
         <path>.\</path>
         <kind>object</kind>
         <file>system_msp432p401r.obj</file>
         <name>system_msp432p401r.obj</name>
      </input_file>
      <input_file id="fl-4">
         <path>.\Communication\</path>
         <kind>object</kind>
         <file>IIC.obj</file>
         <name>IIC.obj</name>
      </input_file>
      <input_file id="fl-5">
         <path>.\Communication\</path>
         <kind>object</kind>
         <file>uart_to_pc.obj</file>
         <name>uart_to_pc.obj</name>
      </input_file>
      <input_file id="fl-6">
         <path>.\Communication\</path>
         <kind>object</kind>
         <file>vofa.obj</file>
         <name>vofa.obj</name>
      </input_file>
      <input_file id="fl-7">
         <path>.\Hardware\</path>
         <kind>object</kind>
         <file>Tim32.obj</file>
         <name>Tim32.obj</name>
      </input_file>
      <input_file id="fl-8">
         <path>.\Hardware\</path>
         <kind>object</kind>
         <file>led.obj</file>
         <name>led.obj</name>
      </input_file>
      <input_file id="fl-9">
         <path>.\Hardware\</path>
         <kind>object</kind>
         <file>timA.obj</file>
         <name>timA.obj</name>
      </input_file>
      <input_file id="fl-a">
         <path>.\Question\</path>
         <kind>object</kind>
         <file>calibration_angle.obj</file>
         <name>calibration_angle.obj</name>
      </input_file>
      <input_file id="fl-b">
         <path>.\Question\</path>
         <kind>object</kind>
         <file>follow_line.obj</file>
         <name>follow_line.obj</name>
      </input_file>
      <input_file id="fl-c">
         <path>.\Question\</path>
         <kind>object</kind>
         <file>follow_rect.obj</file>
         <name>follow_rect.obj</name>
      </input_file>
      <input_file id="fl-d">
         <path>.\Question\</path>
         <kind>object</kind>
         <file>follow_rect_new.obj</file>
         <name>follow_rect_new.obj</name>
      </input_file>
      <input_file id="fl-e">
         <path>.\Question\</path>
         <kind>object</kind>
         <file>go_center.obj</file>
         <name>go_center.obj</name>
      </input_file>
      <input_file id="fl-f">
         <path>.\Question\</path>
         <kind>object</kind>
         <file>go_to_center.obj</file>
         <name>go_to_center.obj</name>
      </input_file>
      <input_file id="fl-10">
         <path>.\Question\</path>
         <kind>object</kind>
         <file>k210_follow.obj</file>
         <name>k210_follow.obj</name>
      </input_file>
      <input_file id="fl-11">
         <path>.\System\</path>
         <kind>object</kind>
         <file>delay.obj</file>
         <name>delay.obj</name>
      </input_file>
      <input_file id="fl-12">
         <path>.\System\</path>
         <kind>object</kind>
         <file>sysinti.obj</file>
         <name>sysinti.obj</name>
      </input_file>
      <input_file id="fl-13">
         <path>.\algorithm\</path>
         <kind>object</kind>
         <file>angle_math.obj</file>
         <name>angle_math.obj</name>
      </input_file>
      <input_file id="fl-14">
         <path>.\algorithm\</path>
         <kind>object</kind>
         <file>pid.obj</file>
         <name>pid.obj</name>
      </input_file>
      <input_file id="fl-15">
         <path>.\ccs\</path>
         <kind>object</kind>
         <file>startup_msp432p401r_ccs.obj</file>
         <name>startup_msp432p401r_ccs.obj</name>
      </input_file>
      <input_file id="fl-16">
         <path>.\external_devices\</path>
         <kind>object</kind>
         <file>RL.obj</file>
         <name>RL.obj</name>
      </input_file>
      <input_file id="fl-17">
         <path>.\external_devices\</path>
         <kind>object</kind>
         <file>Red_line.obj</file>
         <name>Red_line.obj</name>
      </input_file>
      <input_file id="fl-18">
         <path>.\external_devices\</path>
         <kind>object</kind>
         <file>csb.obj</file>
         <name>csb.obj</name>
      </input_file>
      <input_file id="fl-19">
         <path>.\external_devices\</path>
         <kind>object</kind>
         <file>duoji.obj</file>
         <name>duoji.obj</name>
      </input_file>
      <input_file id="fl-1a">
         <path>.\external_devices\</path>
         <kind>object</kind>
         <file>fmq.obj</file>
         <name>fmq.obj</name>
      </input_file>
      <input_file id="fl-1b">
         <path>.\external_devices\</path>
         <kind>object</kind>
         <file>getAngle.obj</file>
         <name>getAngle.obj</name>
      </input_file>
      <input_file id="fl-1c">
         <path>.\external_devices\</path>
         <kind>object</kind>
         <file>motor.obj</file>
         <name>motor.obj</name>
      </input_file>
      <input_file id="fl-1d">
         <path>.\external_devices\</path>
         <kind>object</kind>
         <file>oled.obj</file>
         <name>oled.obj</name>
      </input_file>
      <input_file id="fl-27">
         <kind>object</kind>
         <file>&lt;internal&gt;</file>
         <name>&lt;internal&gt;</name>
      </input_file>
      <input_file id="fl-28">
         <path>C:\ti\simplelink_msp432p4_sdk_3_40_01_02\source\ti\devices\msp432p4xx\driverlib\ccs\</path>
         <kind>archive</kind>
         <file>msp432p4xx_driverlib.lib</file>
         <name>cs.o</name>
      </input_file>
      <input_file id="fl-29">
         <path>C:\ti\simplelink_msp432p4_sdk_3_40_01_02\source\ti\devices\msp432p4xx\driverlib\ccs\</path>
         <kind>archive</kind>
         <file>msp432p4xx_driverlib.lib</file>
         <name>gpio.o</name>
      </input_file>
      <input_file id="fl-2a">
         <path>C:\ti\simplelink_msp432p4_sdk_3_40_01_02\source\ti\devices\msp432p4xx\driverlib\ccs\</path>
         <kind>archive</kind>
         <file>msp432p4xx_driverlib.lib</file>
         <name>interrupt.o</name>
      </input_file>
      <input_file id="fl-2b">
         <path>C:\ti\simplelink_msp432p4_sdk_3_40_01_02\source\ti\devices\msp432p4xx\driverlib\ccs\</path>
         <kind>archive</kind>
         <file>msp432p4xx_driverlib.lib</file>
         <name>sysctl_a.o</name>
      </input_file>
      <input_file id="fl-2c">
         <path>C:\ti\simplelink_msp432p4_sdk_3_40_01_02\source\ti\devices\msp432p4xx\driverlib\ccs\</path>
         <kind>archive</kind>
         <file>msp432p4xx_driverlib.lib</file>
         <name>timer_a.o</name>
      </input_file>
      <input_file id="fl-2d">
         <path>C:\ti\simplelink_msp432p4_sdk_3_40_01_02\source\ti\devices\msp432p4xx\driverlib\ccs\</path>
         <kind>archive</kind>
         <file>msp432p4xx_driverlib.lib</file>
         <name>uart.o</name>
      </input_file>
      <input_file id="fl-2e">
         <path>C:\ti\simplelink_msp432p4_sdk_3_40_01_02\source\ti\devices\msp432p4xx\driverlib\ccs\</path>
         <kind>archive</kind>
         <file>msp432p4xx_driverlib.lib</file>
         <name>cpu.o</name>
      </input_file>
      <input_file id="fl-e4">
         <path>C:\ti\ccs1230\ccs\tools\compiler\ti-cgt-arm_20.2.7.LTS\lib\</path>
         <kind>archive</kind>
         <file>rtsv7M4_T_le_v4SPD16_eabi.lib</file>
         <name>s_atan.c.obj</name>
      </input_file>
      <input_file id="fl-e5">
         <path>C:\ti\ccs1230\ccs\tools\compiler\ti-cgt-arm_20.2.7.LTS\lib\</path>
         <kind>archive</kind>
         <file>rtsv7M4_T_le_v4SPD16_eabi.lib</file>
         <name>fd_add_t2.asm.obj</name>
      </input_file>
      <input_file id="fl-e6">
         <path>C:\ti\ccs1230\ccs\tools\compiler\ti-cgt-arm_20.2.7.LTS\lib\</path>
         <kind>archive</kind>
         <file>rtsv7M4_T_le_v4SPD16_eabi.lib</file>
         <name>fd_cmp_t2.asm.obj</name>
      </input_file>
      <input_file id="fl-e7">
         <path>C:\ti\ccs1230\ccs\tools\compiler\ti-cgt-arm_20.2.7.LTS\lib\</path>
         <kind>archive</kind>
         <file>rtsv7M4_T_le_v4SPD16_eabi.lib</file>
         <name>fd_div_t2.asm.obj</name>
      </input_file>
      <input_file id="fl-e8">
         <path>C:\ti\ccs1230\ccs\tools\compiler\ti-cgt-arm_20.2.7.LTS\lib\</path>
         <kind>archive</kind>
         <file>rtsv7M4_T_le_v4SPD16_eabi.lib</file>
         <name>fd_mul_t2.asm.obj</name>
      </input_file>
      <input_file id="fl-e9">
         <path>C:\ti\ccs1230\ccs\tools\compiler\ti-cgt-arm_20.2.7.LTS\lib\</path>
         <kind>archive</kind>
         <file>rtsv7M4_T_le_v4SPD16_eabi.lib</file>
         <name>fd_tos_t2.asm.obj</name>
      </input_file>
      <input_file id="fl-ea">
         <path>C:\ti\ccs1230\ccs\tools\compiler\ti-cgt-arm_20.2.7.LTS\lib\</path>
         <kind>archive</kind>
         <file>rtsv7M4_T_le_v4SPD16_eabi.lib</file>
         <name>fs_tod_t2.asm.obj</name>
      </input_file>
      <input_file id="fl-eb">
         <path>C:\ti\ccs1230\ccs\tools\compiler\ti-cgt-arm_20.2.7.LTS\lib\</path>
         <kind>archive</kind>
         <file>rtsv7M4_T_le_v4SPD16_eabi.lib</file>
         <name>i_tofd_t2.asm.obj</name>
      </input_file>
      <input_file id="fl-ec">
         <path>C:\ti\ccs1230\ccs\tools\compiler\ti-cgt-arm_20.2.7.LTS\lib\</path>
         <kind>archive</kind>
         <file>rtsv7M4_T_le_v4SPD16_eabi.lib</file>
         <name>copy_zero_init.c.obj</name>
      </input_file>
      <input_file id="fl-ed">
         <path>C:\ti\ccs1230\ccs\tools\compiler\ti-cgt-arm_20.2.7.LTS\lib\</path>
         <kind>archive</kind>
         <file>rtsv7M4_T_le_v4SPD16_eabi.lib</file>
         <name>copy_decompress_none.c.obj</name>
      </input_file>
      <input_file id="fl-ee">
         <path>C:\ti\ccs1230\ccs\tools\compiler\ti-cgt-arm_20.2.7.LTS\lib\</path>
         <kind>archive</kind>
         <file>rtsv7M4_T_le_v4SPD16_eabi.lib</file>
         <name>copy_decompress_lzss.c.obj</name>
      </input_file>
      <input_file id="fl-ef">
         <path>C:\ti\ccs1230\ccs\tools\compiler\ti-cgt-arm_20.2.7.LTS\lib\</path>
         <kind>archive</kind>
         <file>rtsv7M4_T_le_v4SPD16_eabi.lib</file>
         <name>boot_cortex_m.c.obj</name>
      </input_file>
      <input_file id="fl-f0">
         <path>C:\ti\ccs1230\ccs\tools\compiler\ti-cgt-arm_20.2.7.LTS\lib\</path>
         <kind>archive</kind>
         <file>rtsv7M4_T_le_v4SPD16_eabi.lib</file>
         <name>memcpy_t2.asm.obj</name>
      </input_file>
      <input_file id="fl-f1">
         <path>C:\ti\ccs1230\ccs\tools\compiler\ti-cgt-arm_20.2.7.LTS\lib\</path>
         <kind>archive</kind>
         <file>rtsv7M4_T_le_v4SPD16_eabi.lib</file>
         <name>memset_t2.asm.obj</name>
      </input_file>
      <input_file id="fl-f2">
         <path>C:\ti\ccs1230\ccs\tools\compiler\ti-cgt-arm_20.2.7.LTS\lib\</path>
         <kind>archive</kind>
         <file>rtsv7M4_T_le_v4SPD16_eabi.lib</file>
         <name>autoinit.c.obj</name>
      </input_file>
      <input_file id="fl-f3">
         <path>C:\ti\ccs1230\ccs\tools\compiler\ti-cgt-arm_20.2.7.LTS\lib\</path>
         <kind>archive</kind>
         <file>rtsv7M4_T_le_v4SPD16_eabi.lib</file>
         <name>pre_init.c.obj</name>
      </input_file>
      <input_file id="fl-f4">
         <path>C:\ti\ccs1230\ccs\tools\compiler\ti-cgt-arm_20.2.7.LTS\lib\</path>
         <kind>archive</kind>
         <file>rtsv7M4_T_le_v4SPD16_eabi.lib</file>
         <name>cpy_tbl.c.obj</name>
      </input_file>
      <input_file id="fl-f5">
         <path>C:\ti\ccs1230\ccs\tools\compiler\ti-cgt-arm_20.2.7.LTS\lib\</path>
         <kind>archive</kind>
         <file>rtsv7M4_T_le_v4SPD16_eabi.lib</file>
         <name>exit.c.obj</name>
      </input_file>
      <input_file id="fl-f6">
         <path>C:\ti\ccs1230\ccs\tools\compiler\ti-cgt-arm_20.2.7.LTS\lib\</path>
         <kind>archive</kind>
         <file>rtsv7M4_T_le_v4SPD16_eabi.lib</file>
         <name>_lock.c.obj</name>
      </input_file>
      <input_file id="fl-f7">
         <path>C:\ti\ccs1230\ccs\tools\compiler\ti-cgt-arm_20.2.7.LTS\lib\</path>
         <kind>archive</kind>
         <file>rtsv7M4_T_le_v4SPD16_eabi.lib</file>
         <name>args_main.c.obj</name>
      </input_file>
   </input_file_list>
   <object_component_list>
      <object_component id="oc-26">
         <name>.intvecs:retain</name>
         <load_address>0x0</load_address>
         <run_address>0x0</run_address>
         <size>0xe4</size>
         <input_file_ref idref="fl-15"/>
      </object_component>
      <object_component id="oc-13e">
         <name>.text:recieveCoordinateData</name>
         <load_address>0xe4</load_address>
         <run_address>0xe4</run_address>
         <size>0x4a8</size>
         <input_file_ref idref="fl-1b"/>
      </object_component>
      <object_component id="oc-e1">
         <name>.text:main</name>
         <load_address>0x58c</load_address>
         <run_address>0x58c</run_address>
         <size>0x35c</size>
         <input_file_ref idref="fl-2"/>
      </object_component>
      <object_component id="oc-8b">
         <name>.text:TA3_N_IRQHandler</name>
         <load_address>0x8e8</load_address>
         <run_address>0x8e8</run_address>
         <size>0x224</size>
         <input_file_ref idref="fl-1c"/>
      </object_component>
      <object_component id="oc-1ad">
         <name>.text:inituart_to_pc</name>
         <load_address>0xb0c</load_address>
         <run_address>0xb0c</run_address>
         <size>0x1e8</size>
         <input_file_ref idref="fl-5"/>
      </object_component>
      <object_component id="oc-115">
         <name>.text</name>
         <load_address>0xcf4</load_address>
         <run_address>0xcf4</run_address>
         <size>0x1b6</size>
         <input_file_ref idref="fl-e5"/>
      </object_component>
      <object_component id="oc-6d">
         <name>.text:Default_Handler</name>
         <load_address>0xeaa</load_address>
         <run_address>0xeaa</run_address>
         <size>0x2</size>
         <input_file_ref idref="fl-15"/>
      </object_component>
      <object_component id="oc-79">
         <name>.text:TA2_0_IRQHandler</name>
         <load_address>0xeac</load_address>
         <run_address>0xeac</run_address>
         <size>0x184</size>
         <input_file_ref idref="fl-1c"/>
      </object_component>
      <object_component id="oc-422">
         <name>.text:privateTimer_AProcessClockSourceDivider</name>
         <load_address>0x1030</load_address>
         <run_address>0x1030</run_address>
         <size>0x144</size>
         <input_file_ref idref="fl-2c"/>
      </object_component>
      <object_component id="oc-137">
         <name>.text:recieveDataFromJY901S</name>
         <load_address>0x1174</load_address>
         <run_address>0x1174</run_address>
         <size>0x140</size>
         <input_file_ref idref="fl-1b"/>
      </object_component>
      <object_component id="oc-106">
         <name>.text</name>
         <load_address>0x12b4</load_address>
         <run_address>0x12b4</run_address>
         <size>0x136</size>
         <input_file_ref idref="fl-e7"/>
      </object_component>
      <object_component id="oc-30d">
         <name>.text:UART_initModule</name>
         <load_address>0x13ec</load_address>
         <run_address>0x13ec</run_address>
         <size>0x11c</size>
         <input_file_ref idref="fl-2d"/>
      </object_component>
      <object_component id="oc-376">
         <name>.text:_CSComputeCLKFrequency</name>
         <load_address>0x1508</load_address>
         <run_address>0x1508</run_address>
         <size>0x104</size>
         <input_file_ref idref="fl-28"/>
      </object_component>
      <object_component id="oc-101">
         <name>.text</name>
         <load_address>0x160c</load_address>
         <run_address>0x160c</run_address>
         <size>0xfc</size>
         <input_file_ref idref="fl-e8"/>
      </object_component>
      <object_component id="oc-410">
         <name>.text:CS_getDCOFrequency</name>
         <load_address>0x1708</load_address>
         <run_address>0x1708</run_address>
         <size>0xf8</size>
         <input_file_ref idref="fl-28"/>
      </object_component>
      <object_component id="oc-1a1">
         <name>.text:OLED_Init</name>
         <load_address>0x1800</load_address>
         <run_address>0x1800</run_address>
         <size>0xec</size>
         <input_file_ref idref="fl-1d"/>
      </object_component>
      <object_component id="oc-368">
         <name>.text:CS_startHFXTWithTimeout</name>
         <load_address>0x18ec</load_address>
         <run_address>0x18ec</run_address>
         <size>0xe4</size>
         <input_file_ref idref="fl-28"/>
      </object_component>
      <object_component id="oc-7f">
         <name>.text:TA2_N_IRQHandler</name>
         <load_address>0x19d0</load_address>
         <run_address>0x19d0</run_address>
         <size>0xe4</size>
         <input_file_ref idref="fl-9"/>
      </object_component>
      <object_component id="oc-36f">
         <name>.text:CS_startLFXTWithTimeout</name>
         <load_address>0x1ab4</load_address>
         <run_address>0x1ab4</run_address>
         <size>0xe0</size>
         <input_file_ref idref="fl-28"/>
      </object_component>
      <object_component id="oc-3f6">
         <name>.text:_CSGetHFXTFrequency</name>
         <load_address>0x1b94</load_address>
         <run_address>0x1b94</run_address>
         <size>0xdc</size>
         <input_file_ref idref="fl-28"/>
      </object_component>
      <object_component id="oc-85">
         <name>.text:TA3_0_IRQHandler</name>
         <load_address>0x1c70</load_address>
         <run_address>0x1c70</run_address>
         <size>0xc4</size>
         <input_file_ref idref="fl-1c"/>
      </object_component>
      <object_component id="oc-18f">
         <name>.text:SysInit</name>
         <load_address>0x1d34</load_address>
         <run_address>0x1d34</run_address>
         <size>0xa4</size>
         <input_file_ref idref="fl-12"/>
      </object_component>
      <object_component id="oc-a9">
         <name>.text:T32_INT1_IRQHandler</name>
         <load_address>0x1dd8</load_address>
         <run_address>0x1dd8</run_address>
         <size>0xa4</size>
         <input_file_ref idref="fl-7"/>
      </object_component>
      <object_component id="oc-325">
         <name>.text:PID_init</name>
         <load_address>0x1e7c</load_address>
         <run_address>0x1e7c</run_address>
         <size>0x9c</size>
         <input_file_ref idref="fl-14"/>
      </object_component>
      <object_component id="oc-37">
         <name>.text</name>
         <load_address>0x1f18</load_address>
         <run_address>0x1f18</run_address>
         <size>0x9c</size>
         <input_file_ref idref="fl-f0"/>
      </object_component>
      <object_component id="oc-448">
         <name>.text:SysCtl_A_getTLVInfo</name>
         <load_address>0x1fb4</load_address>
         <run_address>0x1fb4</run_address>
         <size>0x94</size>
         <input_file_ref idref="fl-2b"/>
      </object_component>
      <object_component id="oc-1b3">
         <name>.text:calibration_angle_init</name>
         <load_address>0x2048</load_address>
         <run_address>0x2048</run_address>
         <size>0x94</size>
         <input_file_ref idref="fl-a"/>
      </object_component>
      <object_component id="oc-b5">
         <name>.text:PORT1_IRQHandler</name>
         <load_address>0x20dc</load_address>
         <run_address>0x20dc</run_address>
         <size>0x8c</size>
         <input_file_ref idref="fl-a"/>
      </object_component>
      <object_component id="oc-2f4">
         <name>.text:motor_pwm_init</name>
         <load_address>0x2168</load_address>
         <run_address>0x2168</run_address>
         <size>0x84</size>
         <input_file_ref idref="fl-1c"/>
      </object_component>
      <object_component id="oc-44e">
         <name>.text:_CSGetDOCFrequency</name>
         <load_address>0x21ec</load_address>
         <run_address>0x21ec</run_address>
         <size>0x7c</size>
         <input_file_ref idref="fl-28"/>
      </object_component>
      <object_component id="oc-d5">
         <name>.text</name>
         <load_address>0x2268</load_address>
         <run_address>0x2268</run_address>
         <size>0x7a</size>
         <input_file_ref idref="fl-f1"/>
      </object_component>
      <object_component id="oc-38a">
         <name>.text:Send_Byte</name>
         <load_address>0x22e4</load_address>
         <run_address>0x22e4</run_address>
         <size>0x78</size>
         <input_file_ref idref="fl-1d"/>
      </object_component>
      <object_component id="oc-f3">
         <name>.text:SystemInit</name>
         <load_address>0x235c</load_address>
         <run_address>0x235c</run_address>
         <size>0x78</size>
         <input_file_ref idref="fl-3"/>
      </object_component>
      <object_component id="oc-3a6">
         <name>.text:Timer_A_generatePWM</name>
         <load_address>0x23d4</load_address>
         <run_address>0x23d4</run_address>
         <size>0x74</size>
         <input_file_ref idref="fl-2c"/>
      </object_component>
      <object_component id="oc-10b">
         <name>.text</name>
         <load_address>0x2448</load_address>
         <run_address>0x2448</run_address>
         <size>0x6e</size>
         <input_file_ref idref="fl-e9"/>
      </object_component>
      <object_component id="oc-1bf">
         <name>.text:go_to_center_init</name>
         <load_address>0x24b8</load_address>
         <run_address>0x24b8</run_address>
         <size>0x6c</size>
         <input_file_ref idref="fl-f"/>
      </object_component>
      <object_component id="oc-2ed">
         <name>.text:OLED_Clear</name>
         <load_address>0x2524</load_address>
         <run_address>0x2524</run_address>
         <size>0x6a</size>
         <input_file_ref idref="fl-1d"/>
      </object_component>
      <object_component id="oc-17">
         <name>.text:decompress:lzss:__TI_decompress_lzss</name>
         <load_address>0x258e</load_address>
         <run_address>0x258e</run_address>
         <size>0x68</size>
         <input_file_ref idref="fl-ee"/>
      </object_component>
      <object_component id="oc-404">
         <name>.text:_CSGetDividerValue</name>
         <load_address>0x25f6</load_address>
         <run_address>0x25f6</run_address>
         <size>0x62</size>
         <input_file_ref idref="fl-28"/>
      </object_component>
      <object_component id="oc-14c">
         <name>.text:Tim32_0_Int_Init</name>
         <load_address>0x2658</load_address>
         <run_address>0x2658</run_address>
         <size>0x60</size>
         <input_file_ref idref="fl-7"/>
      </object_component>
      <object_component id="oc-331">
         <name>.text:delay_us</name>
         <load_address>0x26b8</load_address>
         <run_address>0x26b8</run_address>
         <size>0x58</size>
         <input_file_ref idref="fl-11"/>
      </object_component>
      <object_component id="oc-319">
         <name>.text:duoji_init</name>
         <load_address>0x2710</load_address>
         <run_address>0x2710</run_address>
         <size>0x48</size>
         <input_file_ref idref="fl-19"/>
      </object_component>
      <object_component id="oc-31f">
         <name>.text:duoji_init_2</name>
         <load_address>0x2758</load_address>
         <run_address>0x2758</run_address>
         <size>0x48</size>
         <input_file_ref idref="fl-19"/>
      </object_component>
      <object_component id="oc-1de">
         <name>.text:__TI_auto_init_nobinit_nopinit:__TI_auto_init_nobinit_nopinit</name>
         <load_address>0x27a0</load_address>
         <run_address>0x27a0</run_address>
         <size>0x44</size>
         <input_file_ref idref="fl-f2"/>
      </object_component>
      <object_component id="oc-2e7">
         <name>.text:OLED_WR_Byte</name>
         <load_address>0x27e4</load_address>
         <run_address>0x27e4</run_address>
         <size>0x42</size>
         <input_file_ref idref="fl-1d"/>
      </object_component>
      <object_component id="oc-2fa">
         <name>.text:GPIO_setAsOutputPin</name>
         <load_address>0x2828</load_address>
         <run_address>0x2828</run_address>
         <size>0x40</size>
         <input_file_ref idref="fl-29"/>
      </object_component>
      <object_component id="oc-110">
         <name>.text</name>
         <load_address>0x2868</load_address>
         <run_address>0x2868</run_address>
         <size>0x38</size>
         <input_file_ref idref="fl-ea"/>
      </object_component>
      <object_component id="oc-19b">
         <name>.text:LED_Init</name>
         <load_address>0x28a0</load_address>
         <run_address>0x28a0</run_address>
         <size>0x34</size>
         <input_file_ref idref="fl-8"/>
      </object_component>
      <object_component id="oc-55">
         <name>.text:_c_int00_noargs:_c_int00_noargs</name>
         <load_address>0x28d4</load_address>
         <run_address>0x28d4</run_address>
         <size>0x34</size>
         <input_file_ref idref="fl-ef"/>
      </object_component>
      <object_component id="oc-40a">
         <name>.text:CS_clearInterruptFlag</name>
         <load_address>0x2908</load_address>
         <run_address>0x2908</run_address>
         <size>0x30</size>
         <input_file_ref idref="fl-28"/>
      </object_component>
      <object_component id="oc-128">
         <name>.text:GPIO_getInputPinValue</name>
         <load_address>0x2938</load_address>
         <run_address>0x2938</run_address>
         <size>0x30</size>
         <input_file_ref idref="fl-29"/>
      </object_component>
      <object_component id="oc-384">
         <name>.text:I2C_Start</name>
         <load_address>0x2968</load_address>
         <run_address>0x2968</run_address>
         <size>0x30</size>
         <input_file_ref idref="fl-1d"/>
      </object_component>
      <object_component id="oc-24e">
         <name>.text:UART_receiveData</name>
         <load_address>0x2998</load_address>
         <run_address>0x2998</run_address>
         <size>0x30</size>
         <input_file_ref idref="fl-2d"/>
      </object_component>
      <object_component id="oc-1a7">
         <name>.text:motor_init</name>
         <load_address>0x29c8</load_address>
         <run_address>0x29c8</run_address>
         <size>0x2e</size>
         <input_file_ref idref="fl-1c"/>
      </object_component>
      <object_component id="oc-fc">
         <name>.text</name>
         <load_address>0x29f6</load_address>
         <run_address>0x29f6</run_address>
         <size>0x2e</size>
         <input_file_ref idref="fl-eb"/>
      </object_component>
      <object_component id="oc-73">
         <name>.text:TA0_0_IRQHandler</name>
         <load_address>0x2a24</load_address>
         <run_address>0x2a24</run_address>
         <size>0x2c</size>
         <input_file_ref idref="fl-9"/>
      </object_component>
      <object_component id="oc-2be">
         <name>.text:CS_getMCLK</name>
         <load_address>0x2a50</load_address>
         <run_address>0x2a50</run_address>
         <size>0x28</size>
         <input_file_ref idref="fl-28"/>
      </object_component>
      <object_component id="oc-307">
         <name>.text:GPIO_setOutputHighOnPin</name>
         <load_address>0x2a78</load_address>
         <run_address>0x2a78</run_address>
         <size>0x28</size>
         <input_file_ref idref="fl-29"/>
      </object_component>
      <object_component id="oc-301">
         <name>.text:GPIO_setOutputLowOnPin</name>
         <load_address>0x2aa0</load_address>
         <run_address>0x2aa0</run_address>
         <size>0x28</size>
         <input_file_ref idref="fl-29"/>
      </object_component>
      <object_component id="oc-195">
         <name>.text:delay_init</name>
         <load_address>0x2ac8</load_address>
         <run_address>0x2ac8</run_address>
         <size>0x28</size>
         <input_file_ref idref="fl-11"/>
      </object_component>
      <object_component id="oc-2e1">
         <name>.text:I2C_SW_Configuration</name>
         <load_address>0x2af0</load_address>
         <run_address>0x2af0</run_address>
         <size>0x24</size>
         <input_file_ref idref="fl-1d"/>
      </object_component>
      <object_component id="oc-396">
         <name>.text:I2C_Stop</name>
         <load_address>0x2b14</load_address>
         <run_address>0x2b14</run_address>
         <size>0x24</size>
         <input_file_ref idref="fl-1d"/>
      </object_component>
      <object_component id="oc-390">
         <name>.text:I2C_WaitAck</name>
         <load_address>0x2b38</load_address>
         <run_address>0x2b38</run_address>
         <size>0x24</size>
         <input_file_ref idref="fl-1d"/>
      </object_component>
      <object_component id="oc-11e">
         <name>.text:Timer_A_getCaptureCompareCount</name>
         <load_address>0x2b5c</load_address>
         <run_address>0x2b5c</run_address>
         <size>0x22</size>
         <input_file_ref idref="fl-2c"/>
      </object_component>
      <object_component id="oc-2ab">
         <name>.text:CS_setExternalClockSourceFrequency</name>
         <load_address>0x2b80</load_address>
         <run_address>0x2b80</run_address>
         <size>0x20</size>
         <input_file_ref idref="fl-28"/>
      </object_component>
      <object_component id="oc-97">
         <name>.text:EUSCIA1_IRQHandler</name>
         <load_address>0x2ba0</load_address>
         <run_address>0x2ba0</run_address>
         <size>0x20</size>
         <input_file_ref idref="fl-5"/>
      </object_component>
      <object_component id="oc-9d">
         <name>.text:EUSCIA2_IRQHandler</name>
         <load_address>0x2bc0</load_address>
         <run_address>0x2bc0</run_address>
         <size>0x20</size>
         <input_file_ref idref="fl-5"/>
      </object_component>
      <object_component id="oc-1cb">
         <name>.text:delay_ms</name>
         <load_address>0x2be0</load_address>
         <run_address>0x2be0</run_address>
         <size>0x1e</size>
         <input_file_ref idref="fl-11"/>
      </object_component>
      <object_component id="oc-1c5">
         <name>.text:delay_s</name>
         <load_address>0x2bfe</load_address>
         <run_address>0x2bfe</run_address>
         <size>0x1e</size>
         <input_file_ref idref="fl-11"/>
      </object_component>
      <object_component id="oc-a3">
         <name>.text:EUSCIA3_IRQHandler</name>
         <load_address>0x2c1c</load_address>
         <run_address>0x2c1c</run_address>
         <size>0x1c</size>
         <input_file_ref idref="fl-5"/>
      </object_component>
      <object_component id="oc-3f0">
         <name>.text:SysCtl_A_disableNMISource</name>
         <load_address>0x2c38</load_address>
         <run_address>0x2c38</run_address>
         <size>0x18</size>
         <input_file_ref idref="fl-2b"/>
      </object_component>
      <object_component id="oc-3fc">
         <name>.text:SysCtl_A_enableNMISource</name>
         <load_address>0x2c50</load_address>
         <run_address>0x2c50</run_address>
         <size>0x18</size>
         <input_file_ref idref="fl-2b"/>
      </object_component>
      <object_component id="oc-af">
         <name>.text:T32_INT2_IRQHandler</name>
         <load_address>0x2c68</load_address>
         <run_address>0x2c68</run_address>
         <size>0x18</size>
         <input_file_ref idref="fl-7"/>
      </object_component>
      <object_component id="oc-130">
         <name>.text:UART_clearInterruptFlag</name>
         <load_address>0x2c80</load_address>
         <run_address>0x2c80</run_address>
         <size>0x16</size>
         <input_file_ref idref="fl-2d"/>
      </object_component>
      <object_component id="oc-2b1">
         <name>.text:CS_startHFXT</name>
         <load_address>0x2c96</load_address>
         <run_address>0x2c96</run_address>
         <size>0x12</size>
         <input_file_ref idref="fl-28"/>
      </object_component>
      <object_component id="oc-91">
         <name>.text:EUSCIA0_IRQHandler</name>
         <load_address>0x2ca8</load_address>
         <run_address>0x2ca8</run_address>
         <size>0x10</size>
         <input_file_ref idref="fl-5"/>
      </object_component>
      <object_component id="oc-146">
         <name>.text:LED_G_Tog</name>
         <load_address>0x2cb8</load_address>
         <run_address>0x2cb8</run_address>
         <size>0x10</size>
         <input_file_ref idref="fl-8"/>
      </object_component>
      <object_component id="oc-3ea">
         <name>.text:SysCtl_A_getNMISourceStatus</name>
         <load_address>0x2cc8</load_address>
         <run_address>0x2cc8</run_address>
         <size>0x10</size>
         <input_file_ref idref="fl-2b"/>
      </object_component>
      <object_component id="oc-2b7">
         <name>.text:CS_startLFXT</name>
         <load_address>0x2cd8</load_address>
         <run_address>0x2cd8</run_address>
         <size>0xe</size>
         <input_file_ref idref="fl-28"/>
      </object_component>
      <object_component id="oc-1d">
         <name>.text:decompress:none:__TI_decompress_none</name>
         <load_address>0x2ce6</load_address>
         <run_address>0x2ce6</run_address>
         <size>0xe</size>
         <input_file_ref idref="fl-ed"/>
      </object_component>
      <object_component id="oc-2da">
         <name>.text:LED_B_Off</name>
         <load_address>0x2cf4</load_address>
         <run_address>0x2cf4</run_address>
         <size>0xc</size>
         <input_file_ref idref="fl-8"/>
      </object_component>
      <object_component id="oc-2d4">
         <name>.text:LED_G_Off</name>
         <load_address>0x2d00</load_address>
         <run_address>0x2d00</run_address>
         <size>0xc</size>
         <input_file_ref idref="fl-8"/>
      </object_component>
      <object_component id="oc-2c8">
         <name>.text:LED_RED_Off</name>
         <load_address>0x2d0c</load_address>
         <run_address>0x2d0c</run_address>
         <size>0xc</size>
         <input_file_ref idref="fl-8"/>
      </object_component>
      <object_component id="oc-2ce">
         <name>.text:LED_R_Off</name>
         <load_address>0x2d18</load_address>
         <run_address>0x2d18</run_address>
         <size>0xc</size>
         <input_file_ref idref="fl-8"/>
      </object_component>
      <object_component id="oc-67">
         <name>.text:Reset_Handler</name>
         <load_address>0x2d24</load_address>
         <run_address>0x2d24</run_address>
         <size>0xc</size>
         <input_file_ref idref="fl-15"/>
      </object_component>
      <object_component id="oc-49">
         <name>.text:decompress:ZI:__TI_zero_init</name>
         <load_address>0x2d30</load_address>
         <run_address>0x2d30</run_address>
         <size>0xc</size>
         <input_file_ref idref="fl-ec"/>
      </object_component>
      <object_component id="oc-1b9">
         <name>.text:get_calibration_info</name>
         <load_address>0x2d3c</load_address>
         <run_address>0x2d3c</run_address>
         <size>0x8</size>
         <input_file_ref idref="fl-a"/>
      </object_component>
      <object_component id="oc-db">
         <name>.text:_system_pre_init</name>
         <load_address>0x2d44</load_address>
         <run_address>0x2d44</run_address>
         <size>0x4</size>
         <input_file_ref idref="fl-f3"/>
      </object_component>
      <object_component id="oc-1d2">
         <name>.text:abort:abort</name>
         <load_address>0x2d48</load_address>
         <run_address>0x2d48</run_address>
         <size>0x4</size>
         <input_file_ref idref="fl-f5"/>
      </object_component>
      <object_component id="oc-249">
         <name>.const:GPIO_PORT_TO_BASE</name>
         <load_address>0x2d4c</load_address>
         <run_address>0x2d4c</run_address>
         <size>0x30</size>
         <input_file_ref idref="fl-29"/>
      </object_component>
      <object_component id="oc-313">
         <name>.const:uartConfig</name>
         <load_address>0x2d7c</load_address>
         <run_address>0x2d7c</run_address>
         <size>0x28</size>
         <input_file_ref idref="fl-5"/>
      </object_component>
      <object_component id="oc-493">
         <name>.cinit..data.load</name>
         <load_address>0x2da8</load_address>
         <run_address>0x2da8</run_address>
         <size>0x17</size>
      </object_component>
      <object_component id="oc-491">
         <name>__TI_handler_table</name>
         <load_address>0x2dc0</load_address>
         <run_address>0x2dc0</run_address>
         <size>0xc</size>
      </object_component>
      <object_component id="oc-494">
         <name>.cinit..bss.load</name>
         <load_address>0x2dd0</load_address>
         <run_address>0x2dd0</run_address>
         <size>0x8</size>
      </object_component>
      <object_component id="oc-492">
         <name>__TI_cinit_table</name>
         <load_address>0x2dd8</load_address>
         <run_address>0x2dd8</run_address>
         <size>0x10</size>
      </object_component>
      <object_component id="oc-465">
         <name>.binit</name>
         <load_address>0x0</load_address>
         <run_address>0x0</run_address>
         <size>0x0</size>
      </object_component>
      <object_component id="oc-124">
         <name>.data</name>
         <load_address>0x200004f4</load_address>
         <run_address>0x200004f4</run_address>
         <size>0x4</size>
         <input_file_ref idref="fl-9"/>
      </object_component>
      <object_component id="oc-16e">
         <name>.data</name>
         <load_address>0x200004f0</load_address>
         <run_address>0x200004f0</run_address>
         <size>0x4</size>
         <input_file_ref idref="fl-a"/>
      </object_component>
      <object_component id="oc-32c">
         <name>.data:duojipid_1</name>
         <load_address>0x200004d0</load_address>
         <run_address>0x200004d0</run_address>
         <size>0x18</size>
         <input_file_ref idref="fl-f"/>
      </object_component>
      <object_component id="oc-2c4">
         <name>.data</name>
         <load_address>0x200004f8</load_address>
         <run_address>0x200004f8</run_address>
         <size>0x1</size>
         <input_file_ref idref="fl-11"/>
      </object_component>
      <object_component id="oc-25b">
         <name>.data</name>
         <load_address>0x200004e8</load_address>
         <run_address>0x200004e8</run_address>
         <size>0x8</size>
         <input_file_ref idref="fl-1b"/>
      </object_component>
      <object_component id="oc-364">
         <name>.bss</name>
         <uninitialized>true</uninitialized>
         <run_address>0x200004b0</run_address>
         <size>0x8</size>
         <input_file_ref idref="fl-28"/>
      </object_component>
      <object_component id="oc-152">
         <name>.common:count_32</name>
         <uninitialized>true</uninitialized>
         <run_address>0x200004c4</run_address>
         <size>0x4</size>
      </object_component>
      <object_component id="oc-16b">
         <name>.common:key</name>
         <uninitialized>true</uninitialized>
         <run_address>0x200004c8</run_address>
         <size>0x4</size>
      </object_component>
      <object_component id="oc-171">
         <name>.common:calibration_init_t</name>
         <uninitialized>true</uninitialized>
         <run_address>0x20000440</run_address>
         <size>0x50</size>
      </object_component>
      <object_component id="oc-32b">
         <name>.common:coordinate_t</name>
         <uninitialized>true</uninitialized>
         <run_address>0x20000310</run_address>
         <size>0xa8</size>
      </object_component>
      <object_component id="oc-255">
         <name>.common:AngleDataBuf2</name>
         <uninitialized>true</uninitialized>
         <run_address>0x20000208</run_address>
         <size>0x108</size>
      </object_component>
      <object_component id="oc-25a">
         <name>.common:CoordinateData</name>
         <uninitialized>true</uninitialized>
         <run_address>0x200003b8</run_address>
         <size>0x84</size>
      </object_component>
      <object_component id="oc-25e">
         <name>.common:CenterCoordinatex</name>
         <uninitialized>true</uninitialized>
         <run_address>0x200004cc</run_address>
         <size>0x2</size>
      </object_component>
      <object_component id="oc-25f">
         <name>.common:CenterCoordinatey</name>
         <uninitialized>true</uninitialized>
         <run_address>0x200004ce</run_address>
         <size>0x2</size>
      </object_component>
      <object_component id="oc-260">
         <name>.common:FnValue</name>
         <uninitialized>true</uninitialized>
         <run_address>0x20000490</run_address>
         <size>0x20</size>
      </object_component>
      <object_component id="oc-256">
         <name>.common:Angle</name>
         <uninitialized>true</uninitialized>
         <run_address>0x2000043c</run_address>
         <size>0x4</size>
      </object_component>
      <object_component id="oc-257">
         <name>.common:Angle2</name>
         <uninitialized>true</uninitialized>
         <run_address>0x200004b8</run_address>
         <size>0x4</size>
      </object_component>
      <object_component id="oc-254">
         <name>.common:buf_count2</name>
         <uninitialized>true</uninitialized>
         <run_address>0x200004bc</run_address>
         <size>0x4</size>
      </object_component>
      <object_component id="oc-259">
         <name>.common:buf_count3</name>
         <uninitialized>true</uninitialized>
         <run_address>0x200004c0</run_address>
         <size>0x4</size>
      </object_component>
      <object_component id="oc-11a">
         <name>.common:motor</name>
         <uninitialized>true</uninitialized>
         <run_address>0x20000000</run_address>
         <size>0x208</size>
      </object_component>
      <object_component id="oc-29">
         <name>.stack</name>
         <uninitialized>true</uninitialized>
         <run_address>0x2000fe00</run_address>
         <size>0x4</size>
         <input_file_ref idref="fl-ef"/>
      </object_component>
      <object_component id="oc-496">
         <name>.stack</name>
         <uninitialized>true</uninitialized>
         <run_address>0x2000fe00</run_address>
         <size>0x0</size>
      </object_component>
      <object_component id="oc-153">
         <name>.debug_info</name>
         <load_address>0x0</load_address>
         <run_address>0x0</run_address>
         <size>0x941</size>
         <input_file_ref idref="fl-2"/>
      </object_component>
      <object_component id="oc-e4">
         <name>.debug_info</name>
         <load_address>0x941</load_address>
         <run_address>0x941</run_address>
         <size>0x491</size>
         <input_file_ref idref="fl-2"/>
      </object_component>
      <object_component id="oc-232">
         <name>.debug_info</name>
         <load_address>0xdd2</load_address>
         <run_address>0xdd2</run_address>
         <size>0x74</size>
         <input_file_ref idref="fl-2"/>
      </object_component>
      <object_component id="oc-26b">
         <name>.debug_info</name>
         <load_address>0xe46</load_address>
         <run_address>0xe46</run_address>
         <size>0x86</size>
         <input_file_ref idref="fl-2"/>
      </object_component>
      <object_component id="oc-219">
         <name>.debug_info</name>
         <load_address>0xecc</load_address>
         <run_address>0xecc</run_address>
         <size>0x216</size>
         <input_file_ref idref="fl-2"/>
      </object_component>
      <object_component id="oc-17a">
         <name>.debug_info</name>
         <load_address>0x10e2</load_address>
         <run_address>0x10e2</run_address>
         <size>0x26b</size>
         <input_file_ref idref="fl-2"/>
      </object_component>
      <object_component id="oc-228">
         <name>.debug_info</name>
         <load_address>0x134d</load_address>
         <run_address>0x134d</run_address>
         <size>0x1028</size>
         <input_file_ref idref="fl-2"/>
      </object_component>
      <object_component id="oc-270">
         <name>.debug_info</name>
         <load_address>0x2375</load_address>
         <run_address>0x2375</run_address>
         <size>0x37e2</size>
         <input_file_ref idref="fl-2"/>
      </object_component>
      <object_component id="oc-21e">
         <name>.debug_info</name>
         <load_address>0x5b57</load_address>
         <run_address>0x5b57</run_address>
         <size>0xd8</size>
         <input_file_ref idref="fl-2"/>
      </object_component>
      <object_component id="oc-299">
         <name>.debug_info</name>
         <load_address>0x5c2f</load_address>
         <run_address>0x5c2f</run_address>
         <size>0xb3</size>
         <input_file_ref idref="fl-2"/>
      </object_component>
      <object_component id="oc-22d">
         <name>.debug_info</name>
         <load_address>0x5ce2</load_address>
         <run_address>0x5ce2</run_address>
         <size>0x341</size>
         <input_file_ref idref="fl-2"/>
      </object_component>
      <object_component id="oc-32">
         <name>.debug_info</name>
         <load_address>0x6023</load_address>
         <run_address>0x6023</run_address>
         <size>0x84</size>
         <input_file_ref idref="fl-2"/>
      </object_component>
      <object_component id="oc-2a6">
         <name>.debug_info</name>
         <load_address>0x60a7</load_address>
         <run_address>0x60a7</run_address>
         <size>0x2a4</size>
         <input_file_ref idref="fl-2"/>
      </object_component>
      <object_component id="oc-237">
         <name>.debug_info</name>
         <load_address>0x634b</load_address>
         <run_address>0x634b</run_address>
         <size>0xef</size>
         <input_file_ref idref="fl-2"/>
      </object_component>
      <object_component id="oc-173">
         <name>.debug_info</name>
         <load_address>0x643a</load_address>
         <run_address>0x643a</run_address>
         <size>0xbb</size>
         <input_file_ref idref="fl-2"/>
      </object_component>
      <object_component id="oc-277">
         <name>.debug_info</name>
         <load_address>0x64f5</load_address>
         <run_address>0x64f5</run_address>
         <size>0x102</size>
         <input_file_ref idref="fl-2"/>
      </object_component>
      <object_component id="oc-f4">
         <name>.debug_info</name>
         <load_address>0x65f7</load_address>
         <run_address>0x65f7</run_address>
         <size>0x194</size>
         <input_file_ref idref="fl-3"/>
      </object_component>
      <object_component id="oc-155">
         <name>.debug_info</name>
         <load_address>0x678b</load_address>
         <run_address>0x678b</run_address>
         <size>0x8e5</size>
         <input_file_ref idref="fl-5"/>
      </object_component>
      <object_component id="oc-314">
         <name>.debug_info</name>
         <load_address>0x7070</load_address>
         <run_address>0x7070</run_address>
         <size>0x150</size>
         <input_file_ref idref="fl-5"/>
      </object_component>
      <object_component id="oc-1ae">
         <name>.debug_info</name>
         <load_address>0x71c0</load_address>
         <run_address>0x71c0</run_address>
         <size>0x4a6</size>
         <input_file_ref idref="fl-5"/>
      </object_component>
      <object_component id="oc-92">
         <name>.debug_info</name>
         <load_address>0x7666</load_address>
         <run_address>0x7666</run_address>
         <size>0x1d1</size>
         <input_file_ref idref="fl-5"/>
      </object_component>
      <object_component id="oc-98">
         <name>.debug_info</name>
         <load_address>0x7837</load_address>
         <run_address>0x7837</run_address>
         <size>0x1f4</size>
         <input_file_ref idref="fl-5"/>
      </object_component>
      <object_component id="oc-9e">
         <name>.debug_info</name>
         <load_address>0x7a2b</load_address>
         <run_address>0x7a2b</run_address>
         <size>0x1f4</size>
         <input_file_ref idref="fl-5"/>
      </object_component>
      <object_component id="oc-a4">
         <name>.debug_info</name>
         <load_address>0x7c1f</load_address>
         <run_address>0x7c1f</run_address>
         <size>0x1d8</size>
         <input_file_ref idref="fl-5"/>
      </object_component>
      <object_component id="oc-264">
         <name>.debug_info</name>
         <load_address>0x7df7</load_address>
         <run_address>0x7df7</run_address>
         <size>0x8b</size>
         <input_file_ref idref="fl-5"/>
      </object_component>
      <object_component id="oc-157">
         <name>.debug_info</name>
         <load_address>0x7e82</load_address>
         <run_address>0x7e82</run_address>
         <size>0x77b</size>
         <input_file_ref idref="fl-6"/>
      </object_component>
      <object_component id="oc-159">
         <name>.debug_info</name>
         <load_address>0x85fd</load_address>
         <run_address>0x85fd</run_address>
         <size>0x67a</size>
         <input_file_ref idref="fl-7"/>
      </object_component>
      <object_component id="oc-14d">
         <name>.debug_info</name>
         <load_address>0x8c77</load_address>
         <run_address>0x8c77</run_address>
         <size>0x1f2</size>
         <input_file_ref idref="fl-7"/>
      </object_component>
      <object_component id="oc-aa">
         <name>.debug_info</name>
         <load_address>0x8e69</load_address>
         <run_address>0x8e69</run_address>
         <size>0x208</size>
         <input_file_ref idref="fl-7"/>
      </object_component>
      <object_component id="oc-b0">
         <name>.debug_info</name>
         <load_address>0x9071</load_address>
         <run_address>0x9071</run_address>
         <size>0x19e</size>
         <input_file_ref idref="fl-7"/>
      </object_component>
      <object_component id="oc-19d">
         <name>.debug_info</name>
         <load_address>0x920f</load_address>
         <run_address>0x920f</run_address>
         <size>0x1cb</size>
         <input_file_ref idref="fl-8"/>
      </object_component>
      <object_component id="oc-2ca">
         <name>.debug_info</name>
         <load_address>0x93da</load_address>
         <run_address>0x93da</run_address>
         <size>0x181</size>
         <input_file_ref idref="fl-8"/>
      </object_component>
      <object_component id="oc-2d0">
         <name>.debug_info</name>
         <load_address>0x955b</load_address>
         <run_address>0x955b</run_address>
         <size>0x17d</size>
         <input_file_ref idref="fl-8"/>
      </object_component>
      <object_component id="oc-2d6">
         <name>.debug_info</name>
         <load_address>0x96d8</load_address>
         <run_address>0x96d8</run_address>
         <size>0x17d</size>
         <input_file_ref idref="fl-8"/>
      </object_component>
      <object_component id="oc-2dc">
         <name>.debug_info</name>
         <load_address>0x9855</load_address>
         <run_address>0x9855</run_address>
         <size>0x17d</size>
         <input_file_ref idref="fl-8"/>
      </object_component>
      <object_component id="oc-148">
         <name>.debug_info</name>
         <load_address>0x99d2</load_address>
         <run_address>0x99d2</run_address>
         <size>0x17d</size>
         <input_file_ref idref="fl-8"/>
      </object_component>
      <object_component id="oc-358">
         <name>.debug_info</name>
         <load_address>0x9b4f</load_address>
         <run_address>0x9b4f</run_address>
         <size>0x606</size>
         <input_file_ref idref="fl-9"/>
      </object_component>
      <object_component id="oc-125">
         <name>.debug_info</name>
         <load_address>0xa155</load_address>
         <run_address>0xa155</run_address>
         <size>0x177</size>
         <input_file_ref idref="fl-9"/>
      </object_component>
      <object_component id="oc-74">
         <name>.debug_info</name>
         <load_address>0xa2cc</load_address>
         <run_address>0xa2cc</run_address>
         <size>0x19c</size>
         <input_file_ref idref="fl-9"/>
      </object_component>
      <object_component id="oc-80">
         <name>.debug_info</name>
         <load_address>0xa468</load_address>
         <run_address>0xa468</run_address>
         <size>0x1dd</size>
         <input_file_ref idref="fl-9"/>
      </object_component>
      <object_component id="oc-223">
         <name>.debug_info</name>
         <load_address>0xa645</load_address>
         <run_address>0xa645</run_address>
         <size>0x37e2</size>
         <input_file_ref idref="fl-9"/>
      </object_component>
      <object_component id="oc-15b">
         <name>.debug_info</name>
         <load_address>0xde27</load_address>
         <run_address>0xde27</run_address>
         <size>0x739</size>
         <input_file_ref idref="fl-a"/>
      </object_component>
      <object_component id="oc-16f">
         <name>.debug_info</name>
         <load_address>0xe560</load_address>
         <run_address>0xe560</run_address>
         <size>0x147</size>
         <input_file_ref idref="fl-a"/>
      </object_component>
      <object_component id="oc-1bb">
         <name>.debug_info</name>
         <load_address>0xe6a7</load_address>
         <run_address>0xe6a7</run_address>
         <size>0x1c1</size>
         <input_file_ref idref="fl-a"/>
      </object_component>
      <object_component id="oc-1b4">
         <name>.debug_info</name>
         <load_address>0xe868</load_address>
         <run_address>0xe868</run_address>
         <size>0x207</size>
         <input_file_ref idref="fl-a"/>
      </object_component>
      <object_component id="oc-b7">
         <name>.debug_info</name>
         <load_address>0xea6f</load_address>
         <run_address>0xea6f</run_address>
         <size>0x1f5</size>
         <input_file_ref idref="fl-a"/>
      </object_component>
      <object_component id="oc-15d">
         <name>.debug_info</name>
         <load_address>0xec64</load_address>
         <run_address>0xec64</run_address>
         <size>0x95e</size>
         <input_file_ref idref="fl-b"/>
      </object_component>
      <object_component id="oc-284">
         <name>.debug_info</name>
         <load_address>0xf5c2</load_address>
         <run_address>0xf5c2</run_address>
         <size>0xd9</size>
         <input_file_ref idref="fl-b"/>
      </object_component>
      <object_component id="oc-15f">
         <name>.debug_info</name>
         <load_address>0xf69b</load_address>
         <run_address>0xf69b</run_address>
         <size>0x75f</size>
         <input_file_ref idref="fl-c"/>
      </object_component>
      <object_component id="oc-28b">
         <name>.debug_info</name>
         <load_address>0xfdfa</load_address>
         <run_address>0xfdfa</run_address>
         <size>0x72</size>
         <input_file_ref idref="fl-c"/>
      </object_component>
      <object_component id="oc-161">
         <name>.debug_info</name>
         <load_address>0xfe6c</load_address>
         <run_address>0xfe6c</run_address>
         <size>0x8d3</size>
         <input_file_ref idref="fl-e"/>
      </object_component>
      <object_component id="oc-292">
         <name>.debug_info</name>
         <load_address>0x1073f</load_address>
         <run_address>0x1073f</run_address>
         <size>0xb3</size>
         <input_file_ref idref="fl-e"/>
      </object_component>
      <object_component id="oc-163">
         <name>.debug_info</name>
         <load_address>0x107f2</load_address>
         <run_address>0x107f2</run_address>
         <size>0x936</size>
         <input_file_ref idref="fl-f"/>
      </object_component>
      <object_component id="oc-32d">
         <name>.debug_info</name>
         <load_address>0x11128</load_address>
         <run_address>0x11128</run_address>
         <size>0x14e</size>
         <input_file_ref idref="fl-f"/>
      </object_component>
      <object_component id="oc-1c0">
         <name>.debug_info</name>
         <load_address>0x11276</load_address>
         <run_address>0x11276</run_address>
         <size>0x214</size>
         <input_file_ref idref="fl-f"/>
      </object_component>
      <object_component id="oc-2c5">
         <name>.debug_info</name>
         <load_address>0x1148a</load_address>
         <run_address>0x1148a</run_address>
         <size>0x13c</size>
         <input_file_ref idref="fl-11"/>
      </object_component>
      <object_component id="oc-198">
         <name>.debug_info</name>
         <load_address>0x115c6</load_address>
         <run_address>0x115c6</run_address>
         <size>0x190</size>
         <input_file_ref idref="fl-11"/>
      </object_component>
      <object_component id="oc-335">
         <name>.debug_info</name>
         <load_address>0x11756</load_address>
         <run_address>0x11756</run_address>
         <size>0x1ac</size>
         <input_file_ref idref="fl-11"/>
      </object_component>
      <object_component id="oc-1ce">
         <name>.debug_info</name>
         <load_address>0x11902</load_address>
         <run_address>0x11902</run_address>
         <size>0x1a9</size>
         <input_file_ref idref="fl-11"/>
      </object_component>
      <object_component id="oc-1c9">
         <name>.debug_info</name>
         <load_address>0x11aab</load_address>
         <run_address>0x11aab</run_address>
         <size>0x1a3</size>
         <input_file_ref idref="fl-11"/>
      </object_component>
      <object_component id="oc-191">
         <name>.debug_info</name>
         <load_address>0x11c4e</load_address>
         <run_address>0x11c4e</run_address>
         <size>0x1ff</size>
         <input_file_ref idref="fl-12"/>
      </object_component>
      <object_component id="oc-165">
         <name>.debug_info</name>
         <load_address>0x11e4d</load_address>
         <run_address>0x11e4d</run_address>
         <size>0x756</size>
         <input_file_ref idref="fl-13"/>
      </object_component>
      <object_component id="oc-3af">
         <name>.debug_info</name>
         <load_address>0x125a3</load_address>
         <run_address>0x125a3</run_address>
         <size>0x5cf</size>
         <input_file_ref idref="fl-14"/>
      </object_component>
      <object_component id="oc-326">
         <name>.debug_info</name>
         <load_address>0x12b72</load_address>
         <run_address>0x12b72</run_address>
         <size>0x243</size>
         <input_file_ref idref="fl-14"/>
      </object_component>
      <object_component id="oc-bd">
         <name>.debug_info</name>
         <load_address>0x12db5</load_address>
         <run_address>0x12db5</run_address>
         <size>0x334</size>
         <input_file_ref idref="fl-15"/>
      </object_component>
      <object_component id="oc-27">
         <name>.debug_info</name>
         <load_address>0x130e9</load_address>
         <run_address>0x130e9</run_address>
         <size>0x160</size>
         <input_file_ref idref="fl-15"/>
      </object_component>
      <object_component id="oc-68">
         <name>.debug_info</name>
         <load_address>0x13249</load_address>
         <run_address>0x13249</run_address>
         <size>0x1c3</size>
         <input_file_ref idref="fl-15"/>
      </object_component>
      <object_component id="oc-6f">
         <name>.debug_info</name>
         <load_address>0x1340c</load_address>
         <run_address>0x1340c</run_address>
         <size>0x1ab</size>
         <input_file_ref idref="fl-15"/>
      </object_component>
      <object_component id="oc-167">
         <name>.debug_info</name>
         <load_address>0x135b7</load_address>
         <run_address>0x135b7</run_address>
         <size>0x81c</size>
         <input_file_ref idref="fl-16"/>
      </object_component>
      <object_component id="oc-31a">
         <name>.debug_info</name>
         <load_address>0x13dd3</load_address>
         <run_address>0x13dd3</run_address>
         <size>0x209</size>
         <input_file_ref idref="fl-19"/>
      </object_component>
      <object_component id="oc-320">
         <name>.debug_info</name>
         <load_address>0x13fdc</load_address>
         <run_address>0x13fdc</run_address>
         <size>0x20f</size>
         <input_file_ref idref="fl-19"/>
      </object_component>
      <object_component id="oc-169">
         <name>.debug_info</name>
         <load_address>0x141eb</load_address>
         <run_address>0x141eb</run_address>
         <size>0xa10</size>
         <input_file_ref idref="fl-1b"/>
      </object_component>
      <object_component id="oc-25c">
         <name>.debug_info</name>
         <load_address>0x14bfb</load_address>
         <run_address>0x14bfb</run_address>
         <size>0x17b</size>
         <input_file_ref idref="fl-1b"/>
      </object_component>
      <object_component id="oc-138">
         <name>.debug_info</name>
         <load_address>0x14d76</load_address>
         <run_address>0x14d76</run_address>
         <size>0x25a</size>
         <input_file_ref idref="fl-1b"/>
      </object_component>
      <object_component id="oc-140">
         <name>.debug_info</name>
         <load_address>0x14fd0</load_address>
         <run_address>0x14fd0</run_address>
         <size>0x249</size>
         <input_file_ref idref="fl-1b"/>
      </object_component>
      <object_component id="oc-11b">
         <name>.debug_info</name>
         <load_address>0x15219</load_address>
         <run_address>0x15219</run_address>
         <size>0xa80</size>
         <input_file_ref idref="fl-1c"/>
      </object_component>
      <object_component id="oc-7a">
         <name>.debug_info</name>
         <load_address>0x15c99</load_address>
         <run_address>0x15c99</run_address>
         <size>0x3b4</size>
         <input_file_ref idref="fl-1c"/>
      </object_component>
      <object_component id="oc-87">
         <name>.debug_info</name>
         <load_address>0x1604d</load_address>
         <run_address>0x1604d</run_address>
         <size>0x297</size>
         <input_file_ref idref="fl-1c"/>
      </object_component>
      <object_component id="oc-8d">
         <name>.debug_info</name>
         <load_address>0x162e4</load_address>
         <run_address>0x162e4</run_address>
         <size>0x473</size>
         <input_file_ref idref="fl-1c"/>
      </object_component>
      <object_component id="oc-2f6">
         <name>.debug_info</name>
         <load_address>0x16757</load_address>
         <run_address>0x16757</run_address>
         <size>0x248</size>
         <input_file_ref idref="fl-1c"/>
      </object_component>
      <object_component id="oc-1a9">
         <name>.debug_info</name>
         <load_address>0x1699f</load_address>
         <run_address>0x1699f</run_address>
         <size>0x21b</size>
         <input_file_ref idref="fl-1c"/>
      </object_component>
      <object_component id="oc-2e2">
         <name>.debug_info</name>
         <load_address>0x16bba</load_address>
         <run_address>0x16bba</run_address>
         <size>0x1bd</size>
         <input_file_ref idref="fl-1d"/>
      </object_component>
      <object_component id="oc-385">
         <name>.debug_info</name>
         <load_address>0x16d77</load_address>
         <run_address>0x16d77</run_address>
         <size>0x198</size>
         <input_file_ref idref="fl-1d"/>
      </object_component>
      <object_component id="oc-397">
         <name>.debug_info</name>
         <load_address>0x16f0f</load_address>
         <run_address>0x16f0f</run_address>
         <size>0x196</size>
         <input_file_ref idref="fl-1d"/>
      </object_component>
      <object_component id="oc-391">
         <name>.debug_info</name>
         <load_address>0x170a5</load_address>
         <run_address>0x170a5</run_address>
         <size>0x19c</size>
         <input_file_ref idref="fl-1d"/>
      </object_component>
      <object_component id="oc-38b">
         <name>.debug_info</name>
         <load_address>0x17241</load_address>
         <run_address>0x17241</run_address>
         <size>0x1c3</size>
         <input_file_ref idref="fl-1d"/>
      </object_component>
      <object_component id="oc-2e8">
         <name>.debug_info</name>
         <load_address>0x17404</load_address>
         <run_address>0x17404</run_address>
         <size>0x275</size>
         <input_file_ref idref="fl-1d"/>
      </object_component>
      <object_component id="oc-2ef">
         <name>.debug_info</name>
         <load_address>0x17679</load_address>
         <run_address>0x17679</run_address>
         <size>0x1fe</size>
         <input_file_ref idref="fl-1d"/>
      </object_component>
      <object_component id="oc-1a2">
         <name>.debug_info</name>
         <load_address>0x17877</load_address>
         <run_address>0x17877</run_address>
         <size>0x3db</size>
         <input_file_ref idref="fl-1d"/>
      </object_component>
      <object_component id="oc-3d6">
         <name>.debug_info</name>
         <load_address>0x17c52</load_address>
         <run_address>0x17c52</run_address>
         <size>0x807</size>
         <input_file_ref idref="fl-28"/>
      </object_component>
      <object_component id="oc-365">
         <name>.debug_info</name>
         <load_address>0x18459</load_address>
         <run_address>0x18459</run_address>
         <size>0x140</size>
         <input_file_ref idref="fl-28"/>
      </object_component>
      <object_component id="oc-3f7">
         <name>.debug_info</name>
         <load_address>0x18599</load_address>
         <run_address>0x18599</run_address>
         <size>0x1a8</size>
         <input_file_ref idref="fl-28"/>
      </object_component>
      <object_component id="oc-405">
         <name>.debug_info</name>
         <load_address>0x18741</load_address>
         <run_address>0x18741</run_address>
         <size>0x1d9</size>
         <input_file_ref idref="fl-28"/>
      </object_component>
      <object_component id="oc-377">
         <name>.debug_info</name>
         <load_address>0x1891a</load_address>
         <run_address>0x1891a</run_address>
         <size>0x2a8</size>
         <input_file_ref idref="fl-28"/>
      </object_component>
      <object_component id="oc-44f">
         <name>.debug_info</name>
         <load_address>0x18bc2</load_address>
         <run_address>0x18bc2</run_address>
         <size>0x1be</size>
         <input_file_ref idref="fl-28"/>
      </object_component>
      <object_component id="oc-2ac">
         <name>.debug_info</name>
         <load_address>0x18d80</load_address>
         <run_address>0x18d80</run_address>
         <size>0x291</size>
         <input_file_ref idref="fl-28"/>
      </object_component>
      <object_component id="oc-2b2">
         <name>.debug_info</name>
         <load_address>0x19011</load_address>
         <run_address>0x19011</run_address>
         <size>0x1f7</size>
         <input_file_ref idref="fl-28"/>
      </object_component>
      <object_component id="oc-369">
         <name>.debug_info</name>
         <load_address>0x19208</load_address>
         <run_address>0x19208</run_address>
         <size>0x2f9</size>
         <input_file_ref idref="fl-28"/>
      </object_component>
      <object_component id="oc-2b8">
         <name>.debug_info</name>
         <load_address>0x19501</load_address>
         <run_address>0x19501</run_address>
         <size>0x1eb</size>
         <input_file_ref idref="fl-28"/>
      </object_component>
      <object_component id="oc-370">
         <name>.debug_info</name>
         <load_address>0x196ec</load_address>
         <run_address>0x196ec</run_address>
         <size>0x2d7</size>
         <input_file_ref idref="fl-28"/>
      </object_component>
      <object_component id="oc-411">
         <name>.debug_info</name>
         <load_address>0x199c3</load_address>
         <run_address>0x199c3</run_address>
         <size>0x28f</size>
         <input_file_ref idref="fl-28"/>
      </object_component>
      <object_component id="oc-2bf">
         <name>.debug_info</name>
         <load_address>0x19c52</load_address>
         <run_address>0x19c52</run_address>
         <size>0x1e9</size>
         <input_file_ref idref="fl-28"/>
      </object_component>
      <object_component id="oc-40b">
         <name>.debug_info</name>
         <load_address>0x19e3b</load_address>
         <run_address>0x19e3b</run_address>
         <size>0x1d3</size>
         <input_file_ref idref="fl-28"/>
      </object_component>
      <object_component id="oc-3d9">
         <name>.debug_info</name>
         <load_address>0x1a00e</load_address>
         <run_address>0x1a00e</run_address>
         <size>0x431a</size>
         <input_file_ref idref="fl-28"/>
      </object_component>
      <object_component id="oc-43d">
         <name>.debug_info</name>
         <load_address>0x1e328</load_address>
         <run_address>0x1e328</run_address>
         <size>0x1b5</size>
         <input_file_ref idref="fl-28"/>
      </object_component>
      <object_component id="oc-3e3">
         <name>.debug_info</name>
         <load_address>0x1e4dd</load_address>
         <run_address>0x1e4dd</run_address>
         <size>0x26b</size>
         <input_file_ref idref="fl-28"/>
      </object_component>
      <object_component id="oc-3de">
         <name>.debug_info</name>
         <load_address>0x1e748</load_address>
         <run_address>0x1e748</run_address>
         <size>0x1028</size>
         <input_file_ref idref="fl-28"/>
      </object_component>
      <object_component id="oc-359">
         <name>.debug_info</name>
         <load_address>0x1f770</load_address>
         <run_address>0x1f770</run_address>
         <size>0x297</size>
         <input_file_ref idref="fl-28"/>
      </object_component>
      <object_component id="oc-23d">
         <name>.debug_info</name>
         <load_address>0x1fa07</load_address>
         <run_address>0x1fa07</run_address>
         <size>0xef</size>
         <input_file_ref idref="fl-28"/>
      </object_component>
      <object_component id="oc-242">
         <name>.debug_info</name>
         <load_address>0x1faf6</load_address>
         <run_address>0x1faf6</run_address>
         <size>0xbb</size>
         <input_file_ref idref="fl-28"/>
      </object_component>
      <object_component id="oc-360">
         <name>.debug_info</name>
         <load_address>0x1fbb1</load_address>
         <run_address>0x1fbb1</run_address>
         <size>0x701</size>
         <input_file_ref idref="fl-29"/>
      </object_component>
      <object_component id="oc-24a">
         <name>.debug_info</name>
         <load_address>0x202b2</load_address>
         <run_address>0x202b2</run_address>
         <size>0x135</size>
         <input_file_ref idref="fl-29"/>
      </object_component>
      <object_component id="oc-2fd">
         <name>.debug_info</name>
         <load_address>0x203e7</load_address>
         <run_address>0x203e7</run_address>
         <size>0x252</size>
         <input_file_ref idref="fl-29"/>
      </object_component>
      <object_component id="oc-30b">
         <name>.debug_info</name>
         <load_address>0x20639</load_address>
         <run_address>0x20639</run_address>
         <size>0x25a</size>
         <input_file_ref idref="fl-29"/>
      </object_component>
      <object_component id="oc-305">
         <name>.debug_info</name>
         <load_address>0x20893</load_address>
         <run_address>0x20893</run_address>
         <size>0x258</size>
         <input_file_ref idref="fl-29"/>
      </object_component>
      <object_component id="oc-12c">
         <name>.debug_info</name>
         <load_address>0x20aeb</load_address>
         <run_address>0x20aeb</run_address>
         <size>0x27e</size>
         <input_file_ref idref="fl-29"/>
      </object_component>
      <object_component id="oc-45e">
         <name>.debug_info</name>
         <load_address>0x20d69</load_address>
         <run_address>0x20d69</run_address>
         <size>0x5c9</size>
         <input_file_ref idref="fl-2b"/>
      </object_component>
      <object_component id="oc-449">
         <name>.debug_info</name>
         <load_address>0x21332</load_address>
         <run_address>0x21332</run_address>
         <size>0x298</size>
         <input_file_ref idref="fl-2b"/>
      </object_component>
      <object_component id="oc-3f1">
         <name>.debug_info</name>
         <load_address>0x215ca</load_address>
         <run_address>0x215ca</run_address>
         <size>0x1eb</size>
         <input_file_ref idref="fl-2b"/>
      </object_component>
      <object_component id="oc-3fd">
         <name>.debug_info</name>
         <load_address>0x217b5</load_address>
         <run_address>0x217b5</run_address>
         <size>0x1e9</size>
         <input_file_ref idref="fl-2b"/>
      </object_component>
      <object_component id="oc-3eb">
         <name>.debug_info</name>
         <load_address>0x2199e</load_address>
         <run_address>0x2199e</run_address>
         <size>0x1cc</size>
         <input_file_ref idref="fl-2b"/>
      </object_component>
      <object_component id="oc-429">
         <name>.debug_info</name>
         <load_address>0x21b6a</load_address>
         <run_address>0x21b6a</run_address>
         <size>0x725</size>
         <input_file_ref idref="fl-2c"/>
      </object_component>
      <object_component id="oc-426">
         <name>.debug_info</name>
         <load_address>0x2228f</load_address>
         <run_address>0x2228f</run_address>
         <size>0x25e</size>
         <input_file_ref idref="fl-2c"/>
      </object_component>
      <object_component id="oc-122">
         <name>.debug_info</name>
         <load_address>0x224ed</load_address>
         <run_address>0x224ed</run_address>
         <size>0x274</size>
         <input_file_ref idref="fl-2c"/>
      </object_component>
      <object_component id="oc-3aa">
         <name>.debug_info</name>
         <load_address>0x22761</load_address>
         <run_address>0x22761</run_address>
         <size>0x248</size>
         <input_file_ref idref="fl-2c"/>
      </object_component>
      <object_component id="oc-458">
         <name>.debug_info</name>
         <load_address>0x229a9</load_address>
         <run_address>0x229a9</run_address>
         <size>0x341</size>
         <input_file_ref idref="fl-2c"/>
      </object_component>
      <object_component id="oc-3a3">
         <name>.debug_info</name>
         <load_address>0x22cea</load_address>
         <run_address>0x22cea</run_address>
         <size>0x6eb</size>
         <input_file_ref idref="fl-2d"/>
      </object_component>
      <object_component id="oc-30f">
         <name>.debug_info</name>
         <load_address>0x233d5</load_address>
         <run_address>0x233d5</run_address>
         <size>0x234</size>
         <input_file_ref idref="fl-2d"/>
      </object_component>
      <object_component id="oc-250">
         <name>.debug_info</name>
         <load_address>0x23609</load_address>
         <run_address>0x23609</run_address>
         <size>0x1f5</size>
         <input_file_ref idref="fl-2d"/>
      </object_component>
      <object_component id="oc-132">
         <name>.debug_info</name>
         <load_address>0x237fe</load_address>
         <run_address>0x237fe</run_address>
         <size>0x225</size>
         <input_file_ref idref="fl-2d"/>
      </object_component>
      <object_component id="oc-41d">
         <name>.debug_info</name>
         <load_address>0x23a23</load_address>
         <run_address>0x23a23</run_address>
         <size>0x102</size>
         <input_file_ref idref="fl-2d"/>
      </object_component>
      <object_component id="oc-117">
         <name>.debug_info</name>
         <load_address>0x23b25</load_address>
         <run_address>0x23b25</run_address>
         <size>0x14c</size>
         <input_file_ref idref="fl-e5"/>
      </object_component>
      <object_component id="oc-108">
         <name>.debug_info</name>
         <load_address>0x23c71</load_address>
         <run_address>0x23c71</run_address>
         <size>0x13a</size>
         <input_file_ref idref="fl-e7"/>
      </object_component>
      <object_component id="oc-102">
         <name>.debug_info</name>
         <load_address>0x23dab</load_address>
         <run_address>0x23dab</run_address>
         <size>0x13a</size>
         <input_file_ref idref="fl-e8"/>
      </object_component>
      <object_component id="oc-10c">
         <name>.debug_info</name>
         <load_address>0x23ee5</load_address>
         <run_address>0x23ee5</run_address>
         <size>0x13e</size>
         <input_file_ref idref="fl-e9"/>
      </object_component>
      <object_component id="oc-113">
         <name>.debug_info</name>
         <load_address>0x24023</load_address>
         <run_address>0x24023</run_address>
         <size>0x12c</size>
         <input_file_ref idref="fl-ea"/>
      </object_component>
      <object_component id="oc-fe">
         <name>.debug_info</name>
         <load_address>0x2414f</load_address>
         <run_address>0x2414f</run_address>
         <size>0x12c</size>
         <input_file_ref idref="fl-eb"/>
      </object_component>
      <object_component id="oc-d4">
         <name>.debug_info</name>
         <load_address>0x2427b</load_address>
         <run_address>0x2427b</run_address>
         <size>0x2d4</size>
         <input_file_ref idref="fl-ec"/>
      </object_component>
      <object_component id="oc-4b">
         <name>.debug_info</name>
         <load_address>0x2454f</load_address>
         <run_address>0x2454f</run_address>
         <size>0x1b5</size>
         <input_file_ref idref="fl-ec"/>
      </object_component>
      <object_component id="oc-cf">
         <name>.debug_info</name>
         <load_address>0x24704</load_address>
         <run_address>0x24704</run_address>
         <size>0x46</size>
         <input_file_ref idref="fl-ec"/>
      </object_component>
      <object_component id="oc-186">
         <name>.debug_info</name>
         <load_address>0x2474a</load_address>
         <run_address>0x2474a</run_address>
         <size>0x2c</size>
         <input_file_ref idref="fl-ec"/>
      </object_component>
      <object_component id="oc-42">
         <name>.debug_info</name>
         <load_address>0x24776</load_address>
         <run_address>0x24776</run_address>
         <size>0x2a8</size>
         <input_file_ref idref="fl-ed"/>
      </object_component>
      <object_component id="oc-1e">
         <name>.debug_info</name>
         <load_address>0x24a1e</load_address>
         <run_address>0x24a1e</run_address>
         <size>0x1ea</size>
         <input_file_ref idref="fl-ed"/>
      </object_component>
      <object_component id="oc-3d">
         <name>.debug_info</name>
         <load_address>0x24c08</load_address>
         <run_address>0x24c08</run_address>
         <size>0x46</size>
         <input_file_ref idref="fl-ed"/>
      </object_component>
      <object_component id="oc-c7">
         <name>.debug_info</name>
         <load_address>0x24c4e</load_address>
         <run_address>0x24c4e</run_address>
         <size>0x2c</size>
         <input_file_ref idref="fl-ed"/>
      </object_component>
      <object_component id="oc-c5">
         <name>.debug_info</name>
         <load_address>0x24c7a</load_address>
         <run_address>0x24c7a</run_address>
         <size>0x29e</size>
         <input_file_ref idref="fl-ee"/>
      </object_component>
[...]
         <value>0x20dd</value>
         <object_component_ref idref="oc-b5"/>
      </symbol>
      <symbol id="sm-1eb">
         <name>calibration_angle_init</name>
         <value>0x2049</value>
         <object_component_ref idref="oc-1b3"/>
      </symbol>
      <symbol id="sm-1ec">
         <name>mode</name>
         <value>0x200004f0</value>
         <object_component_ref idref="oc-16e"/>
      </symbol>
      <symbol id="sm-229">
         <name>coordinate_t</name>
         <value>0x20000310</value>
      </symbol>
      <symbol id="sm-22a">
         <name>go_to_center_init</name>
         <value>0x24b9</value>
         <object_component_ref idref="oc-1bf"/>
      </symbol>
      <symbol id="sm-22b">
         <name>duojipid_1</name>
         <value>0x200004d0</value>
         <object_component_ref idref="oc-32c"/>
      </symbol>
      <symbol id="sm-264">
         <name>delay_us</name>
         <value>0x26b9</value>
         <object_component_ref idref="oc-331"/>
      </symbol>
      <symbol id="sm-265">
         <name>delay_s</name>
         <value>0x2bff</value>
         <object_component_ref idref="oc-1c5"/>
      </symbol>
      <symbol id="sm-266">
         <name>delay_init</name>
         <value>0x2ac9</value>
         <object_component_ref idref="oc-195"/>
      </symbol>
      <symbol id="sm-267">
         <name>delay_ms</name>
         <value>0x2be1</value>
         <object_component_ref idref="oc-1cb"/>
      </symbol>
      <symbol id="sm-278">
         <name>SysInit</name>
         <value>0x1d35</value>
         <object_component_ref idref="oc-18f"/>
      </symbol>
      <symbol id="sm-28e">
         <name>PID_init</name>
         <value>0x1e7d</value>
         <object_component_ref idref="oc-325"/>
      </symbol>
      <symbol id="sm-2aa">
         <name>Reset_Handler</name>
         <value>0x2d25</value>
         <object_component_ref idref="oc-67"/>
      </symbol>
      <symbol id="sm-2ab">
         <name>Default_Handler</name>
         <value>0xeab</value>
         <object_component_ref idref="oc-6d"/>
      </symbol>
      <symbol id="sm-2ac">
         <name>interruptVectors</name>
         <value>0x0</value>
         <object_component_ref idref="oc-26"/>
      </symbol>
      <symbol id="sm-2cb">
         <name>duoji_init_2</name>
         <value>0x2759</value>
         <object_component_ref idref="oc-31f"/>
      </symbol>
      <symbol id="sm-2cc">
         <name>duoji_init</name>
         <value>0x2711</value>
         <object_component_ref idref="oc-319"/>
      </symbol>
      <symbol id="sm-32c">
         <name>AngleDataBuf2</name>
         <value>0x20000208</value>
      </symbol>
      <symbol id="sm-32d">
         <name>CoordinateData</name>
         <value>0x200003b8</value>
      </symbol>
      <symbol id="sm-32e">
         <name>CenterCoordinatex</name>
         <value>0x200004cc</value>
      </symbol>
      <symbol id="sm-32f">
         <name>CenterCoordinatey</name>
         <value>0x200004ce</value>
      </symbol>
      <symbol id="sm-330">
         <name>FnValue</name>
         <value>0x20000490</value>
      </symbol>
      <symbol id="sm-331">
         <name>Angle</name>
         <value>0x2000043c</value>
      </symbol>
      <symbol id="sm-332">
         <name>Angle2</name>
         <value>0x200004b8</value>
      </symbol>
      <symbol id="sm-333">
         <name>buf_count2</name>
         <value>0x200004bc</value>
      </symbol>
      <symbol id="sm-334">
         <name>buf_count3</name>
         <value>0x200004c0</value>
      </symbol>
      <symbol id="sm-335">
         <name>recieveCoordinateData</name>
         <value>0xe5</value>
         <object_component_ref idref="oc-13e"/>
      </symbol>
      <symbol id="sm-336">
         <name>recieveDataFromJY901S</name>
         <value>0x1175</value>
         <object_component_ref idref="oc-137"/>
      </symbol>
      <symbol id="sm-337">
         <name>Coordinatex</name>
         <value>0x200004e8</value>
         <object_component_ref idref="oc-25b"/>
      </symbol>
      <symbol id="sm-338">
         <name>Coordinatey</name>
         <value>0x200004ec</value>
         <object_component_ref idref="oc-25b"/>
      </symbol>
      <symbol id="sm-396">
         <name>motor</name>
         <value>0x20000000</value>
      </symbol>
      <symbol id="sm-397">
         <name>motor_init</name>
         <value>0x29c9</value>
         <object_component_ref idref="oc-1a7"/>
      </symbol>
      <symbol id="sm-398">
         <name>TA2_0_IRQHandler</name>
         <value>0xead</value>
         <object_component_ref idref="oc-79"/>
      </symbol>
      <symbol id="sm-399">
         <name>TA3_N_IRQHandler</name>
         <value>0x8e9</value>
         <object_component_ref idref="oc-8b"/>
      </symbol>
      <symbol id="sm-39a">
         <name>TA3_0_IRQHandler</name>
         <value>0x1c71</value>
         <object_component_ref idref="oc-85"/>
      </symbol>
      <symbol id="sm-3f0">
         <name>I2C_WaitAck</name>
         <value>0x2b39</value>
         <object_component_ref idref="oc-390"/>
      </symbol>
      <symbol id="sm-3f1">
         <name>OLED_WR_Byte</name>
         <value>0x27e5</value>
         <object_component_ref idref="oc-2e7"/>
      </symbol>
      <symbol id="sm-3f2">
         <name>OLED_Init</name>
         <value>0x1801</value>
         <object_component_ref idref="oc-1a1"/>
      </symbol>
      <symbol id="sm-3f3">
         <name>I2C_SW_Configuration</name>
         <value>0x2af1</value>
         <object_component_ref idref="oc-2e1"/>
      </symbol>
      <symbol id="sm-3f4">
         <name>OLED_Clear</name>
         <value>0x2525</value>
         <object_component_ref idref="oc-2ed"/>
      </symbol>
      <symbol id="sm-3f5">
         <name>I2C_Start</name>
         <value>0x2969</value>
         <object_component_ref idref="oc-384"/>
      </symbol>
      <symbol id="sm-3f6">
         <name>I2C_Stop</name>
         <value>0x2b15</value>
         <object_component_ref idref="oc-396"/>
      </symbol>
      <symbol id="sm-3f7">
         <name>Send_Byte</name>
         <value>0x22e5</value>
         <object_component_ref idref="oc-38a"/>
      </symbol>
      <symbol id="sm-50f">
         <name>CS_startLFXT</name>
         <value>0x2cd9</value>
         <object_component_ref idref="oc-2b7"/>
      </symbol>
      <symbol id="sm-510">
         <name>CS_getMCLK</name>
         <value>0x2a51</value>
         <object_component_ref idref="oc-2be"/>
      </symbol>
      <symbol id="sm-511">
         <name>CS_clearInterruptFlag</name>
         <value>0x2909</value>
         <object_component_ref idref="oc-40a"/>
      </symbol>
      <symbol id="sm-512">
         <name>CS_startHFXT</name>
         <value>0x2c97</value>
         <object_component_ref idref="oc-2b1"/>
      </symbol>
      <symbol id="sm-513">
         <name>CS_getDCOFrequency</name>
         <value>0x1709</value>
         <object_component_ref idref="oc-410"/>
      </symbol>
      <symbol id="sm-514">
         <name>CS_setExternalClockSourceFrequency</name>
         <value>0x2b81</value>
         <object_component_ref idref="oc-2ab"/>
      </symbol>
      <symbol id="sm-515">
         <name>CS_startHFXTWithTimeout</name>
         <value>0x18ed</value>
         <object_component_ref idref="oc-368"/>
      </symbol>
      <symbol id="sm-516">
         <name>CS_startLFXTWithTimeout</name>
         <value>0x1ab5</value>
         <object_component_ref idref="oc-36f"/>
      </symbol>
      <symbol id="sm-54c">
         <name>GPIO_setOutputHighOnPin</name>
         <value>0x2a79</value>
         <object_component_ref idref="oc-307"/>
      </symbol>
      <symbol id="sm-54d">
         <name>GPIO_setAsOutputPin</name>
         <value>0x2829</value>
         <object_component_ref idref="oc-2fa"/>
      </symbol>
      <symbol id="sm-54e">
         <name>GPIO_setOutputLowOnPin</name>
         <value>0x2aa1</value>
         <object_component_ref idref="oc-301"/>
      </symbol>
      <symbol id="sm-54f">
         <name>GPIO_getInputPinValue</name>
         <value>0x2939</value>
         <object_component_ref idref="oc-128"/>
      </symbol>
      <symbol id="sm-584">
         <name>SysCtl_A_enableNMISource</name>
         <value>0x2c51</value>
         <object_component_ref idref="oc-3fc"/>
      </symbol>
      <symbol id="sm-585">
         <name>SysCtl_A_getTLVInfo</name>
         <value>0x1fb5</value>
         <object_component_ref idref="oc-448"/>
      </symbol>
      <symbol id="sm-586">
         <name>SysCtl_A_getNMISourceStatus</name>
         <value>0x2cc9</value>
         <object_component_ref idref="oc-3ea"/>
      </symbol>
      <symbol id="sm-587">
         <name>SysCtl_A_disableNMISource</name>
         <value>0x2c39</value>
         <object_component_ref idref="oc-3f0"/>
      </symbol>
      <symbol id="sm-5ba">
         <name>Timer_A_generatePWM</name>
         <value>0x23d5</value>
         <object_component_ref idref="oc-3a6"/>
      </symbol>
      <symbol id="sm-5bb">
         <name>Timer_A_getCaptureCompareCount</name>
         <value>0x2b5d</value>
         <object_component_ref idref="oc-11e"/>
      </symbol>
      <symbol id="sm-5f3">
         <name>UART_receiveData</name>
         <value>0x2999</value>
         <object_component_ref idref="oc-24e"/>
      </symbol>
      <symbol id="sm-5f4">
         <name>UART_initModule</name>
         <value>0x13ed</value>
         <object_component_ref idref="oc-30d"/>
      </symbol>
      <symbol id="sm-5f5">
         <name>UART_clearInterruptFlag</name>
         <value>0x2c81</value>
         <object_component_ref idref="oc-130"/>
      </symbol>
      <symbol id="sm-60e">
         <name>__aeabi_dsub</name>
         <value>0xcf5</value>
         <object_component_ref idref="oc-115"/>
      </symbol>
      <symbol id="sm-60f">
         <name>__aeabi_dadd</name>
         <value>0xcff</value>
         <object_component_ref idref="oc-115"/>
      </symbol>
      <symbol id="sm-624">
         <name>__aeabi_ddiv</name>
         <value>0x12b5</value>
         <object_component_ref idref="oc-106"/>
      </symbol>
      <symbol id="sm-62f">
         <name>__aeabi_dmul</name>
         <value>0x160d</value>
         <object_component_ref idref="oc-101"/>
      </symbol>
      <symbol id="sm-63b">
         <name>__aeabi_d2f</name>
         <value>0x2449</value>
         <object_component_ref idref="oc-10b"/>
      </symbol>
      <symbol id="sm-646">
         <name>__aeabi_f2d</name>
         <value>0x2869</value>
         <object_component_ref idref="oc-110"/>
      </symbol>
      <symbol id="sm-650">
         <name>__aeabi_i2d</name>
         <value>0x29f7</value>
         <object_component_ref idref="oc-fc"/>
      </symbol>
      <symbol id="sm-667">
         <name>__TI_zero_init</name>
         <value>0x2d31</value>
         <object_component_ref idref="oc-49"/>
      </symbol>
      <symbol id="sm-67e">
         <name>__TI_decompress_none</name>
         <value>0x2ce7</value>
         <object_component_ref idref="oc-1d"/>
      </symbol>
      <symbol id="sm-6a1">
         <name>__TI_decompress_lzss</name>
         <value>0x258f</value>
         <object_component_ref idref="oc-17"/>
      </symbol>
      <symbol id="sm-6b4">
         <name>__stack</name>
         <value>0x2000fe00</value>
         <object_component_ref idref="oc-29"/>
      </symbol>
      <symbol id="sm-6b5">
         <name>_c_int00_noargs</name>
         <value>0x28d5</value>
         <object_component_ref idref="oc-55"/>
      </symbol>
      <symbol id="sm-6d0">
         <name>memcpy</name>
         <value>0x1f19</value>
         <object_component_ref idref="oc-37"/>
      </symbol>
      <symbol id="sm-6d1">
         <name>__aeabi_memcpy</name>
         <value>0x1f19</value>
         <object_component_ref idref="oc-37"/>
      </symbol>
      <symbol id="sm-6d2">
         <name>__aeabi_memcpy8</name>
         <value>0x1f19</value>
         <object_component_ref idref="oc-37"/>
      </symbol>
      <symbol id="sm-6d3">
         <name>__aeabi_memcpy4</name>
         <value>0x1f19</value>
         <object_component_ref idref="oc-37"/>
      </symbol>
      <symbol id="sm-6e2">
         <name>__aeabi_memset</name>
         <value>0x226b</value>
         <object_component_ref idref="oc-d5"/>
      </symbol>
      <symbol id="sm-6e3">
         <name>memset</name>
         <value>0x2271</value>
         <object_component_ref idref="oc-d5"/>
      </symbol>
      <symbol id="sm-6e4">
         <name>__aeabi_memset8</name>
         <value>0x226b</value>
         <object_component_ref idref="oc-d5"/>
      </symbol>
      <symbol id="sm-6e5">
         <name>__aeabi_memset4</name>
         <value>0x226b</value>
         <object_component_ref idref="oc-d5"/>
      </symbol>
      <symbol id="sm-6e6">
         <name>__aeabi_memclr8</name>
         <value>0x2269</value>
         <object_component_ref idref="oc-d5"/>
      </symbol>
      <symbol id="sm-6e7">
         <name>__aeabi_memclr4</name>
         <value>0x2269</value>
         <object_component_ref idref="oc-d5"/>
      </symbol>
      <symbol id="sm-6e8">
         <name>__aeabi_memclr</name>
         <value>0x2269</value>
         <object_component_ref idref="oc-d5"/>
      </symbol>
      <symbol id="sm-710">
         <name>__TI_auto_init_nobinit_nopinit</name>
         <value>0x27a1</value>
         <object_component_ref idref="oc-1de"/>
      </symbol>
      <symbol id="sm-71a">
         <name>_system_pre_init</name>
         <value>0x2d45</value>
         <object_component_ref idref="oc-db"/>
      </symbol>
      <symbol id="sm-726">
         <name>C$$EXIT</name>
         <value>0x2d49</value>
         <object_component_ref idref="oc-1d2"/>
      </symbol>
      <symbol id="sm-727">
         <name>abort</name>
         <value>0x2d49</value>
         <object_component_ref idref="oc-1d2"/>
      </symbol>
      <symbol id="sm-72a">
         <name>__TI_static_base__</name>
         <value>0x0</value>
      </symbol>
      <symbol id="sm-72d">
         <name>__mpu_init</name>
         <value>0x0</value>
      </symbol>
      <symbol id="sm-72e">
         <name>_system_post_cinit</name>
         <value>0x0</value>
      </symbol>
      <symbol id="sm-72f">
         <name>NMI_Handler</name>
         <value>0xeab</value>
      </symbol>
      <symbol id="sm-730">
         <name>HardFault_Handler</name>
         <value>0xeab</value>
      </symbol>
      <symbol id="sm-731">
         <name>MemManage_Handler</name>
         <value>0xeab</value>
      </symbol>
      <symbol id="sm-732">
         <name>BusFault_Handler</name>
         <value>0xeab</value>
      </symbol>
      <symbol id="sm-733">
         <name>UsageFault_Handler</name>
         <value>0xeab</value>
      </symbol>
      <symbol id="sm-734">
         <name>SVC_Handler</name>
         <value>0xeab</value>
      </symbol>
      <symbol id="sm-735">
         <name>DebugMon_Handler</name>
         <value>0xeab</value>
      </symbol>
      <symbol id="sm-736">
         <name>PendSV_Handler</name>
         <value>0xeab</value>
      </symbol>
      <symbol id="sm-737">
         <name>SysTick_Handler</name>
         <value>0xeab</value>
      </symbol>
      <symbol id="sm-738">
         <name>PSS_IRQHandler</name>
         <value>0xeab</value>
      </symbol>
      <symbol id="sm-739">
         <name>CS_IRQHandler</name>
         <value>0xeab</value>
      </symbol>
      <symbol id="sm-73a">
         <name>PCM_IRQHandler</name>
         <value>0xeab</value>
      </symbol>
      <symbol id="sm-73b">
         <name>WDT_A_IRQHandler</name>
         <value>0xeab</value>
      </symbol>
      <symbol id="sm-73c">
         <name>FPU_IRQHandler</name>
         <value>0xeab</value>
      </symbol>
      <symbol id="sm-73d">
         <name>FLCTL_IRQHandler</name>
         <value>0xeab</value>
      </symbol>
      <symbol id="sm-73e">
         <name>COMP_E0_IRQHandler</name>
         <value>0xeab</value>
      </symbol>
      <symbol id="sm-73f">
         <name>COMP_E1_IRQHandler</name>
         <value>0xeab</value>
      </symbol>
      <symbol id="sm-740">
         <name>TA0_0_IRQHandler</name>
         <value>0x2a25</value>
      </symbol>
      <symbol id="sm-741">
         <name>TA0_N_IRQHandler</name>
         <value>0xeab</value>
      </symbol>
      <symbol id="sm-742">
         <name>TA1_0_IRQHandler</name>
         <value>0xeab</value>
      </symbol>
      <symbol id="sm-743">
         <name>TA1_N_IRQHandler</name>
         <value>0xeab</value>
      </symbol>
      <symbol id="sm-744">
         <name>TA2_0_IRQHandler</name>
         <value>0xead</value>
      </symbol>
      <symbol id="sm-745">
         <name>TA2_N_IRQHandler</name>
         <value>0x19d1</value>
      </symbol>
      <symbol id="sm-746">
         <name>TA3_0_IRQHandler</name>
         <value>0x1c71</value>
      </symbol>
      <symbol id="sm-747">
         <name>TA3_N_IRQHandler</name>
         <value>0x8e9</value>
      </symbol>
      <symbol id="sm-748">
         <name>EUSCIA0_IRQHandler</name>
         <value>0x2ca9</value>
      </symbol>
      <symbol id="sm-749">
         <name>EUSCIA1_IRQHandler</name>
         <value>0x2ba1</value>
      </symbol>
      <symbol id="sm-74a">
         <name>EUSCIA2_IRQHandler</name>
         <value>0x2bc1</value>
      </symbol>
      <symbol id="sm-74b">
         <name>EUSCIA3_IRQHandler</name>
         <value>0x2c1d</value>
      </symbol>
      <symbol id="sm-74c">
         <name>EUSCIB0_IRQHandler</name>
         <value>0xeab</value>
      </symbol>
      <symbol id="sm-74d">
         <name>EUSCIB1_IRQHandler</name>
         <value>0xeab</value>
      </symbol>
      <symbol id="sm-74e">
         <name>EUSCIB2_IRQHandler</name>
         <value>0xeab</value>
      </symbol>
      <symbol id="sm-74f">
         <name>EUSCIB3_IRQHandler</name>
         <value>0xeab</value>
      </symbol>
      <symbol id="sm-750">
         <name>ADC14_IRQHandler</name>
         <value>0xeab</value>
      </symbol>
      <symbol id="sm-751">
         <name>T32_INT1_IRQHandler</name>
         <value>0x1dd9</value>
      </symbol>
      <symbol id="sm-752">
         <name>T32_INT2_IRQHandler</name>
         <value>0x2c69</value>
      </symbol>
      <symbol id="sm-753">
         <name>T32_INTC_IRQHandler</name>
         <value>0xeab</value>
      </symbol>
      <symbol id="sm-754">
         <name>AES256_IRQHandler</name>
         <value>0xeab</value>
      </symbol>
      <symbol id="sm-755">
         <name>RTC_C_IRQHandler</name>
         <value>0xeab</value>
      </symbol>
      <symbol id="sm-756">
         <name>DMA_ERR_IRQHandler</name>
         <value>0xeab</value>
      </symbol>
      <symbol id="sm-757">
         <name>DMA_INT3_IRQHandler</name>
         <value>0xeab</value>
      </symbol>
      <symbol id="sm-758">
         <name>DMA_INT2_IRQHandler</name>
         <value>0xeab</value>
      </symbol>
      <symbol id="sm-759">
         <name>DMA_INT1_IRQHandler</name>
         <value>0xeab</value>
      </symbol>
      <symbol id="sm-75a">
         <name>DMA_INT0_IRQHandler</name>
         <value>0xeab</value>
      </symbol>
      <symbol id="sm-75b">
         <name>PORT1_IRQHandler</name>
         <value>0x20dd</value>
      </symbol>
      <symbol id="sm-75c">
         <name>PORT2_IRQHandler</name>
         <value>0xeab</value>
      </symbol>
      <symbol id="sm-75d">
         <name>PORT3_IRQHandler</name>
         <value>0xeab</value>
      </symbol>
      <symbol id="sm-75e">
         <name>PORT4_IRQHandler</name>
         <value>0xeab</value>
      </symbol>
      <symbol id="sm-75f">
         <name>PORT5_IRQHandler</name>
         <value>0xeab</value>
      </symbol>
      <symbol id="sm-760">
         <name>PORT6_IRQHandler</name>
         <value>0xeab</value>
      </symbol>
   </symbol_table>
   <title>Link successful</title>
</link_info>
